motorDriverInterface.c:26:13:MDI_writeCommand	16	static
motorDriverInterface.c:35:13:MDI_writeSmallData	16	static
motorDriverInterface.c:45:13:MDI_writeBigData	32	static
motorDriverInterface.c:60:6:MDI_2byteWriteData	24	static
motorDriverInterface.c:157:6:MDI_sendDataChannel1	32	static
motorDriverInterface.c:189:6:MDI_sendDataChannel1Ver2	48	static
motorDriverInterface.c:214:6:MDI_getDataChannel1	16	static
motorDriverInterface.c:241:6:MDI_getDataChannel1Ver2	16	static
motorDriverInterface.c:263:6:MDI_getDataChannel1Ver3	16	static,ignoring_inline_asm
motorDriverInterface.c:302:6:MDI_getDataChannel1Ver4	32	static
motorDriverInterface.c:335:6:MDI_sendDataChannel2	32	static
motorDriverInterface.c:366:6:MDI_sendDataChannel2Ver2	48	static
motorDriverInterface.c:390:6:MDI_getDataChannel2	16	static
motorDriverInterface.c:417:6:MDI_getDataChannel2Ver2	16	static
motorDriverInterface.c:439:6:MDI_getDataChannel2Ver3	16	static,ignoring_inline_asm
motorDriverInterface.c:479:6:MDI_getDataChannel2Ver4	32	static
motorDriverInterface.c:514:9:getDriver1kd	4	static
motorDriverInterface.c:517:9:getDriver1ki	4	static
motorDriverInterface.c:520:9:getDriver1kp	4	static
motorDriverInterface.c:523:9:getDriver1factor	4	static
motorDriverInterface.c:526:10:getDriver1angle	4	static
motorDriverInterface.c:530:9:getDriver2kd	4	static
motorDriverInterface.c:533:9:getDriver2ki	4	static
motorDriverInterface.c:536:9:getDriver2kp	4	static
motorDriverInterface.c:539:9:getDriver2factor	4	static
motorDriverInterface.c:542:10:getDriver2angle	4	static
motorDriverInterface.c:546:14:getDriver1ReceiveVal	16	static
motorDriverInterface.c:549:14:getDriver2ReceiveVal	16	static
