Archive member included to satisfy reference by file (symbol)

/opt/st/stm32cubeide_1.5.0/plugins/com.st.stm32cube.ide.mcu.externaltools.gnu-tools-for-stm32.7-2018-q2-update.linux64_1.5.0.202011040924/tools/bin/../lib/gcc/arm-none-eabi/7.3.1/../../../../arm-none-eabi/lib/thumb/v7e-m/fpv4-sp/hard/libc_nano.a(lib_a-errno.o)
                              Core/Src/syscalls.o (__errno)
/opt/st/stm32cubeide_1.5.0/plugins/com.st.stm32cube.ide.mcu.externaltools.gnu-tools-for-stm32.7-2018-q2-update.linux64_1.5.0.202011040924/tools/bin/../lib/gcc/arm-none-eabi/7.3.1/../../../../arm-none-eabi/lib/thumb/v7e-m/fpv4-sp/hard/libc_nano.a(lib_a-exit.o)
                              /opt/st/stm32cubeide_1.5.0/plugins/com.st.stm32cube.ide.mcu.externaltools.gnu-tools-for-stm32.7-2018-q2-update.linux64_1.5.0.202011040924/tools/bin/../lib/gcc/arm-none-eabi/7.3.1/../../../../arm-none-eabi/lib/thumb/v7e-m/fpv4-sp/hard/crt0.o (exit)
/opt/st/stm32cubeide_1.5.0/plugins/com.st.stm32cube.ide.mcu.externaltools.gnu-tools-for-stm32.7-2018-q2-update.linux64_1.5.0.202011040924/tools/bin/../lib/gcc/arm-none-eabi/7.3.1/../../../../arm-none-eabi/lib/thumb/v7e-m/fpv4-sp/hard/libc_nano.a(lib_a-impure.o)
                              /opt/st/stm32cubeide_1.5.0/plugins/com.st.stm32cube.ide.mcu.externaltools.gnu-tools-for-stm32.7-2018-q2-update.linux64_1.5.0.202011040924/tools/bin/../lib/gcc/arm-none-eabi/7.3.1/../../../../arm-none-eabi/lib/thumb/v7e-m/fpv4-sp/hard/libc_nano.a(lib_a-exit.o) (_global_impure_ptr)
/opt/st/stm32cubeide_1.5.0/plugins/com.st.stm32cube.ide.mcu.externaltools.gnu-tools-for-stm32.7-2018-q2-update.linux64_1.5.0.202011040924/tools/bin/../lib/gcc/arm-none-eabi/7.3.1/../../../../arm-none-eabi/lib/thumb/v7e-m/fpv4-sp/hard/libc_nano.a(lib_a-init.o)
                              /opt/st/stm32cubeide_1.5.0/plugins/com.st.stm32cube.ide.mcu.externaltools.gnu-tools-for-stm32.7-2018-q2-update.linux64_1.5.0.202011040924/tools/bin/../lib/gcc/arm-none-eabi/7.3.1/../../../../arm-none-eabi/lib/thumb/v7e-m/fpv4-sp/hard/crt0.o (__libc_init_array)
/opt/st/stm32cubeide_1.5.0/plugins/com.st.stm32cube.ide.mcu.externaltools.gnu-tools-for-stm32.7-2018-q2-update.linux64_1.5.0.202011040924/tools/bin/../lib/gcc/arm-none-eabi/7.3.1/../../../../arm-none-eabi/lib/thumb/v7e-m/fpv4-sp/hard/libc_nano.a(lib_a-memcpy-stub.o)
                              Middlewares/Third_Party/FreeRTOS/Source/CMSIS_RTOS_V2/cmsis_os2.o (memcpy)
/opt/st/stm32cubeide_1.5.0/plugins/com.st.stm32cube.ide.mcu.externaltools.gnu-tools-for-stm32.7-2018-q2-update.linux64_1.5.0.202011040924/tools/bin/../lib/gcc/arm-none-eabi/7.3.1/../../../../arm-none-eabi/lib/thumb/v7e-m/fpv4-sp/hard/libc_nano.a(lib_a-memset.o)
                              /opt/st/stm32cubeide_1.5.0/plugins/com.st.stm32cube.ide.mcu.externaltools.gnu-tools-for-stm32.7-2018-q2-update.linux64_1.5.0.202011040924/tools/bin/../lib/gcc/arm-none-eabi/7.3.1/../../../../arm-none-eabi/lib/thumb/v7e-m/fpv4-sp/hard/crt0.o (memset)
/opt/st/stm32cubeide_1.5.0/plugins/com.st.stm32cube.ide.mcu.externaltools.gnu-tools-for-stm32.7-2018-q2-update.linux64_1.5.0.202011040924/tools/bin/../lib/gcc/arm-none-eabi/7.3.1/../../../../arm-none-eabi/lib/thumb/v7e-m/fpv4-sp/hard/libc_nano.a(lib_a-sprintf.o)
                              lcdDriver/lcdDriverInterface.o (sprintf)
/opt/st/stm32cubeide_1.5.0/plugins/com.st.stm32cube.ide.mcu.externaltools.gnu-tools-for-stm32.7-2018-q2-update.linux64_1.5.0.202011040924/tools/bin/../lib/gcc/arm-none-eabi/7.3.1/../../../../arm-none-eabi/lib/thumb/v7e-m/fpv4-sp/hard/libc_nano.a(lib_a-strlen.o)
                              lcdDriver/lcd_i2cModule.o (strlen)
/opt/st/stm32cubeide_1.5.0/plugins/com.st.stm32cube.ide.mcu.externaltools.gnu-tools-for-stm32.7-2018-q2-update.linux64_1.5.0.202011040924/tools/bin/../lib/gcc/arm-none-eabi/7.3.1/../../../../arm-none-eabi/lib/thumb/v7e-m/fpv4-sp/hard/libc_nano.a(lib_a-nano-svfprintf.o)
                              /opt/st/stm32cubeide_1.5.0/plugins/com.st.stm32cube.ide.mcu.externaltools.gnu-tools-for-stm32.7-2018-q2-update.linux64_1.5.0.202011040924/tools/bin/../lib/gcc/arm-none-eabi/7.3.1/../../../../arm-none-eabi/lib/thumb/v7e-m/fpv4-sp/hard/libc_nano.a(lib_a-sprintf.o) (_svfprintf_r)
/opt/st/stm32cubeide_1.5.0/plugins/com.st.stm32cube.ide.mcu.externaltools.gnu-tools-for-stm32.7-2018-q2-update.linux64_1.5.0.202011040924/tools/bin/../lib/gcc/arm-none-eabi/7.3.1/../../../../arm-none-eabi/lib/thumb/v7e-m/fpv4-sp/hard/libc_nano.a(lib_a-nano-vfprintf_i.o)
                              /opt/st/stm32cubeide_1.5.0/plugins/com.st.stm32cube.ide.mcu.externaltools.gnu-tools-for-stm32.7-2018-q2-update.linux64_1.5.0.202011040924/tools/bin/../lib/gcc/arm-none-eabi/7.3.1/../../../../arm-none-eabi/lib/thumb/v7e-m/fpv4-sp/hard/libc_nano.a(lib_a-nano-svfprintf.o) (_printf_i)
[...]
Memory Configuration

Name             Origin             Length             Attributes
RAM              0x0000000020000000 0x0000000000050000 xrw
FLASH            0x0000000008000000 0x0000000000100000 xr
*default*        0x0000000000000000 0xffffffffffffffff

Linker script and memory map

LOAD /opt/st/stm32cubeide_1.5.0/plugins/com.st.stm32cube.ide.mcu.externaltools.gnu-tools-for-stm32.7-2018-q2-update.linux64_1.5.0.202011040924/tools/bin/../lib/gcc/arm-none-eabi/7.3.1/thumb/v7e-m/fpv4-sp/hard/crti.o
LOAD /opt/st/stm32cubeide_1.5.0/plugins/com.st.stm32cube.ide.mcu.externaltools.gnu-tools-for-stm32.7-2018-q2-update.linux64_1.5.0.202011040924/tools/bin/../lib/gcc/arm-none-eabi/7.3.1/thumb/v7e-m/fpv4-sp/hard/crtbegin.o
LOAD /opt/st/stm32cubeide_1.5.0/plugins/com.st.stm32cube.ide.mcu.externaltools.gnu-tools-for-stm32.7-2018-q2-update.linux64_1.5.0.202011040924/tools/bin/../lib/gcc/arm-none-eabi/7.3.1/../../../../arm-none-eabi/lib/thumb/v7e-m/fpv4-sp/hard/crt0.o
LOAD Core/Src/freertos.o
LOAD Core/Src/main.o
LOAD Core/Src/stm32f7xx_hal_msp.o
LOAD Core/Src/stm32f7xx_hal_timebase_tim.o
LOAD Core/Src/stm32f7xx_it.o
LOAD Core/Src/syscalls.o
LOAD Core/Src/sysmem.o
LOAD Core/Src/system_stm32f7xx.o
LOAD Core/Startup/startup_stm32f746nghx.o
LOAD Drivers/STM32F7xx_HAL_Driver/Src/stm32f7xx_hal.o
LOAD Drivers/STM32F7xx_HAL_Driver/Src/stm32f7xx_hal_adc.o
LOAD Drivers/STM32F7xx_HAL_Driver/Src/stm32f7xx_hal_adc_ex.o
LOAD Drivers/STM32F7xx_HAL_Driver/Src/stm32f7xx_hal_cortex.o
LOAD Drivers/STM32F7xx_HAL_Driver/Src/stm32f7xx_hal_dma.o
LOAD Drivers/STM32F7xx_HAL_Driver/Src/stm32f7xx_hal_dma_ex.o
LOAD Drivers/STM32F7xx_HAL_Driver/Src/stm32f7xx_hal_exti.o
LOAD Drivers/STM32F7xx_HAL_Driver/Src/stm32f7xx_hal_flash.o
LOAD Drivers/STM32F7xx_HAL_Driver/Src/stm32f7xx_hal_flash_ex.o
LOAD Drivers/STM32F7xx_HAL_Driver/Src/stm32f7xx_hal_gpio.o
LOAD Drivers/STM32F7xx_HAL_Driver/Src/stm32f7xx_hal_i2c.o
LOAD Drivers/STM32F7xx_HAL_Driver/Src/stm32f7xx_hal_i2c_ex.o
LOAD Drivers/STM32F7xx_HAL_Driver/Src/stm32f7xx_hal_pwr.o
LOAD Drivers/STM32F7xx_HAL_Driver/Src/stm32f7xx_hal_pwr_ex.o
LOAD Drivers/STM32F7xx_HAL_Driver/Src/stm32f7xx_hal_rcc.o
LOAD Drivers/STM32F7xx_HAL_Driver/Src/stm32f7xx_hal_rcc_ex.o
LOAD Drivers/STM32F7xx_HAL_Driver/Src/stm32f7xx_hal_tim.o
LOAD Drivers/STM32F7xx_HAL_Driver/Src/stm32f7xx_hal_tim_ex.o
LOAD Drivers/STM32F7xx_HAL_Driver/Src/stm32f7xx_hal_uart.o
LOAD Drivers/STM32F7xx_HAL_Driver/Src/stm32f7xx_hal_uart_ex.o
LOAD Middlewares/Third_Party/FreeRTOS/Source/CMSIS_RTOS_V2/cmsis_os2.o
LOAD Middlewares/Third_Party/FreeRTOS/Source/croutine.o
LOAD Middlewares/Third_Party/FreeRTOS/Source/event_groups.o
LOAD Middlewares/Third_Party/FreeRTOS/Source/list.o
LOAD Middlewares/Third_Party/FreeRTOS/Source/queue.o
LOAD Middlewares/Third_Party/FreeRTOS/Source/stream_buffer.o
LOAD Middlewares/Third_Party/FreeRTOS/Source/tasks.o
LOAD Middlewares/Third_Party/FreeRTOS/Source/timers.o
LOAD Middlewares/Third_Party/FreeRTOS/Source/portable/GCC/ARM_CM7/r0p1/port.o
LOAD Middlewares/Third_Party/FreeRTOS/Source/portable/MemMang/heap_4.o
LOAD analogValuesController/analogValuesController.o
LOAD buttonController/buttonController.o
LOAD lcdDriver/lcdDriverInterface.o
LOAD lcdDriver/lcd_i2cModule.o
LOAD motorDriverInterface/motorDriverInterface.o
LOAD taskManagerInterface/taskManagerInterface.o
START GROUP
LOAD /opt/st/stm32cubeide_1.5.0/plugins/com.st.stm32cube.ide.mcu.externaltools.gnu-tools-for-stm32.7-2018-q2-update.linux64_1.5.0.202011040924/tools/bin/../lib/gcc/arm-none-eabi/7.3.1/../../../../arm-none-eabi/lib/thumb/v7e-m/fpv4-sp/hard/libc_nano.a
LOAD /opt/st/stm32cubeide_1.5.0/plugins/com.st.stm32cube.ide.mcu.externaltools.gnu-tools-for-stm32.7-2018-q2-update.linux64_1.5.0.202011040924/tools/bin/../lib/gcc/arm-none-eabi/7.3.1/../../../../arm-none-eabi/lib/thumb/v7e-m/fpv4-sp/hard/libm.a
END GROUP
START GROUP
LOAD /opt/st/stm32cubeide_1.5.0/plugins/com.st.stm32cube.ide.mcu.externaltools.gnu-tools-for-stm32.7-2018-q2-update.linux64_1.5.0.202011040924/tools/bin/../lib/gcc/arm-none-eabi/7.3.1/thumb/v7e-m/fpv4-sp/hard/libgcc.a
LOAD /opt/st/stm32cubeide_1.5.0/plugins/com.st.stm32cube.ide.mcu.externaltools.gnu-tools-for-stm32.7-2018-q2-update.linux64_1.5.0.202011040924/tools/bin/../lib/gcc/arm-none-eabi/7.3.1/../../../../arm-none-eabi/lib/thumb/v7e-m/fpv4-sp/hard/libc_nano.a
END GROUP
START GROUP
LOAD /opt/st/stm32cubeide_1.5.0/plugins/com.st.stm32cube.ide.mcu.externaltools.gnu-tools-for-stm32.7-2018-q2-update.linux64_1.5.0.202011040924/tools/bin/../lib/gcc/arm-none-eabi/7.3.1/thumb/v7e-m/fpv4-sp/hard/libgcc.a
LOAD /opt/st/stm32cubeide_1.5.0/plugins/com.st.stm32cube.ide.mcu.externaltools.gnu-tools-for-stm32.7-2018-q2-update.linux64_1.5.0.202011040924/tools/bin/../lib/gcc/arm-none-eabi/7.3.1/../../../../arm-none-eabi/lib/thumb/v7e-m/fpv4-sp/hard/libc_nano.a
LOAD /opt/st/stm32cubeide_1.5.0/plugins/com.st.stm32cube.ide.mcu.externaltools.gnu-tools-for-stm32.7-2018-q2-update.linux64_1.5.0.202011040924/tools/bin/../lib/gcc/arm-none-eabi/7.3.1/../../../../arm-none-eabi/lib/thumb/v7e-m/fpv4-sp/hard/libnosys.a
END GROUP
START GROUP
LOAD /opt/st/stm32cubeide_1.5.0/plugins/com.st.stm32cube.ide.mcu.externaltools.gnu-tools-for-stm32.7-2018-q2-update.linux64_1.5.0.202011040924/tools/bin/../lib/gcc/arm-none-eabi/7.3.1/thumb/v7e-m/fpv4-sp/hard/libgcc.a
LOAD /opt/st/stm32cubeide_1.5.0/plugins/com.st.stm32cube.ide.mcu.externaltools.gnu-tools-for-stm32.7-2018-q2-update.linux64_1.5.0.202011040924/tools/bin/../lib/gcc/arm-none-eabi/7.3.1/../../../../arm-none-eabi/lib/thumb/v7e-m/fpv4-sp/hard/libc_nano.a
LOAD /opt/st/stm32cubeide_1.5.0/plugins/com.st.stm32cube.ide.mcu.externaltools.gnu-tools-for-stm32.7-2018-q2-update.linux64_1.5.0.202011040924/tools/bin/../lib/gcc/arm-none-eabi/7.3.1/../../../../arm-none-eabi/lib/thumb/v7e-m/fpv4-sp/hard/libnosys.a
END GROUP
LOAD /opt/st/stm32cubeide_1.5.0/plugins/com.st.stm32cube.ide.mcu.externaltools.gnu-tools-for-stm32.7-2018-q2-update.linux64_1.5.0.202011040924/tools/bin/../lib/gcc/arm-none-eabi/7.3.1/thumb/v7e-m/fpv4-sp/hard/crtend.o
LOAD /opt/st/stm32cubeide_1.5.0/plugins/com.st.stm32cube.ide.mcu.externaltools.gnu-tools-for-stm32.7-2018-q2-update.linux64_1.5.0.202011040924/tools/bin/../lib/gcc/arm-none-eabi/7.3.1/thumb/v7e-m/fpv4-sp/hard/crtn.o
                0x0000000020050000                _estack = (ORIGIN (RAM) + LENGTH (RAM))
                0x0000000000000200                _Min_Heap_Size = 0x200
                0x0000000000000400                _Min_Stack_Size = 0x400

.isr_vector     0x0000000008000000      0x1c8
                0x0000000008000000                . = ALIGN (0x4)
 *(.isr_vector)
 .isr_vector    0x0000000008000000      0x1c8 Core/Startup/startup_stm32f746nghx.o
                0x0000000008000000                g_pfnVectors
                0x00000000080001c8                . = ALIGN (0x4)

.text           0x00000000080001d0     0x96a4
                0x00000000080001d0                . = ALIGN (0x4)
 *(.text)
 .text          0x00000000080001d0       0x40 /opt/st/stm32cubeide_1.5.0/plugins/com.st.stm32cube.ide.mcu.externaltools.gnu-tools-for-stm32.7-2018-q2-update.linux64_1.5.0.202011040924/tools/bin/../lib/gcc/arm-none-eabi/7.3.1/thumb/v7e-m/fpv4-sp/hard/crtbegin.o
 .text          0x0000000008000210       0x10 /opt/st/stm32cubeide_1.5.0/plugins/com.st.stm32cube.ide.mcu.externaltools.gnu-tools-for-stm32.7-2018-q2-update.linux64_1.5.0.202011040924/tools/bin/../lib/gcc/arm-none-eabi/7.3.1/../../../../arm-none-eabi/lib/thumb/v7e-m/fpv4-sp/hard/libc_nano.a(lib_a-strlen.o)
                0x0000000008000210                strlen
 .text          0x0000000008000220       0xa0 /opt/st/stm32cubeide_1.5.0/plugins/com.st.stm32cube.ide.mcu.externaltools.gnu-tools-for-stm32.7-2018-q2-update.linux64_1.5.0.202011040924/tools/bin/../lib/gcc/arm-none-eabi/7.3.1/../../../../arm-none-eabi/lib/thumb/v7e-m/fpv4-sp/hard/libc_nano.a(lib_a-memchr.o)
                0x0000000008000220                memchr
 .text          0x00000000080002c0       0x30 /opt/st/stm32cubeide_1.5.0/plugins/com.st.stm32cube.ide.mcu.externaltools.gnu-tools-for-stm32.7-2018-q2-update.linux64_1.5.0.202011040924/tools/bin/../lib/gcc/arm-none-eabi/7.3.1/thumb/v7e-m/fpv4-sp/hard/libgcc.a(_aeabi_uldivmod.o)
                0x00000000080002c0                __aeabi_uldivmod
 .text          0x00000000080002f0      0x2cc /opt/st/stm32cubeide_1.5.0/plugins/com.st.stm32cube.ide.mcu.externaltools.gnu-tools-for-stm32.7-2018-q2-update.linux64_1.5.0.202011040924/tools/bin/../lib/gcc/arm-none-eabi/7.3.1/thumb/v7e-m/fpv4-sp/hard/libgcc.a(_udivmoddi4.o)
                0x00000000080002f0                __udivmoddi4
 .text          0x00000000080005bc        0x4 /opt/st/stm32cubeide_1.5.0/plugins/com.st.stm32cube.ide.mcu.externaltools.gnu-tools-for-stm32.7-2018-q2-update.linux64_1.5.0.202011040924/tools/bin/../lib/gcc/arm-none-eabi/7.3.1/thumb/v7e-m/fpv4-sp/hard/libgcc.a(_dvmd_tls.o)
                0x00000000080005bc                __aeabi_ldiv0
                0x00000000080005bc                __aeabi_idiv0
 *(.text*)
 .text.main     0x00000000080005c0       0x2e Core/Src/main.o
                0x00000000080005c0                main
 *fill*         0x00000000080005ee        0x2 
 .text.SystemClock_Config
                0x00000000080005f0      0x128 Core/Src/main.o
                0x00000000080005f0                SystemClock_Config
 .text.MX_ADC1_Init
                0x0000000008000718       0xa4 Core/Src/main.o
 .text.MX_ADC3_Init
                0x00000000080007bc       0xa4 Core/Src/main.o
 .text.MX_I2C1_Init
                0x0000000008000860       0x80 Core/Src/main.o
 .text.MX_TIM2_Init
                0x00000000080008e0       0x9c Core/Src/main.o
 .text.MX_UART7_Init
                0x000000000800097c       0x60 Core/Src/main.o
 .text.MX_USART6_UART_Init
                0x00000000080009dc       0x60 Core/Src/main.o
 .text.MX_GPIO_Init
                0x0000000008000a3c       0xec Core/Src/main.o
 .text.HAL_TIM_PeriodElapsedCallback
                0x0000000008000b28       0x24 Core/Src/main.o
                0x0000000008000b28                HAL_TIM_PeriodElapsedCallback
 .text.Error_Handler
                0x0000000008000b4c        0x8 Core/Src/main.o
                0x0000000008000b4c                Error_Handler
 .text.HAL_MspInit
                0x0000000008000b54       0x50 Core/Src/stm32f7xx_hal_msp.o
                0x0000000008000b54                HAL_MspInit
 .text.HAL_ADC_MspInit
                0x0000000008000ba4       0xdc Core/Src/stm32f7xx_hal_msp.o
                0x0000000008000ba4                HAL_ADC_MspInit
 .text.HAL_I2C_MspInit
                0x0000000008000c80       0x88 Core/Src/stm32f7xx_hal_msp.o
                0x0000000008000c80                HAL_I2C_MspInit
 .text.HAL_TIM_Base_MspInit
                0x0000000008000d08       0x48 Core/Src/stm32f7xx_hal_msp.o
                0x0000000008000d08                HAL_TIM_Base_MspInit
 .text.HAL_UART_MspInit
                0x0000000008000d50      0x10c Core/Src/stm32f7xx_hal_msp.o
                0x0000000008000d50                HAL_UART_MspInit
 .text.HAL_InitTick
                0x0000000008000e5c       0xb0 Core/Src/stm32f7xx_hal_timebase_tim.o
                0x0000000008000e5c                HAL_InitTick
 .text.NMI_Handler
                0x0000000008000f0c        0x6 Core/Src/stm32f7xx_it.o
                0x0000000008000f0c                NMI_Handler
 .text.HardFault_Handler
                0x0000000008000f12        0x6 Core/Src/stm32f7xx_it.o
                0x0000000008000f12                HardFault_Handler
 .text.MemManage_Handler
                0x0000000008000f18        0x6 Core/Src/stm32f7xx_it.o
                0x0000000008000f18                MemManage_Handler
 .text.BusFault_Handler
                0x0000000008000f1e        0x6 Core/Src/stm32f7xx_it.o
                0x0000000008000f1e                BusFault_Handler
 .text.UsageFault_Handler
                0x0000000008000f24        0x6 Core/Src/stm32f7xx_it.o
                0x0000000008000f24                UsageFault_Handler
 .text.DebugMon_Handler
                0x0000000008000f2a        0xe Core/Src/stm32f7xx_it.o
                0x0000000008000f2a                DebugMon_Handler
 .text.TIM1_UP_TIM10_IRQHandler
                0x0000000008000f38       0x14 Core/Src/stm32f7xx_it.o
                0x0000000008000f38                TIM1_UP_TIM10_IRQHandler
 .text.TIM2_IRQHandler
                0x0000000008000f4c       0x18 Core/Src/stm32f7xx_it.o
                0x0000000008000f4c                TIM2_IRQHandler
 .text.USART6_IRQHandler
                0x0000000008000f64       0x14 Core/Src/stm32f7xx_it.o
                0x0000000008000f64                USART6_IRQHandler
 .text.UART7_IRQHandler
                0x0000000008000f78       0x14 Core/Src/stm32f7xx_it.o
                0x0000000008000f78                UART7_IRQHandler
 .text._sbrk    0x0000000008000f8c       0x6c Core/Src/sysmem.o
                0x0000000008000f8c                _sbrk
 .text.SystemInit
                0x0000000008000ff8       0x2c Core/Src/system_stm32f7xx.o
                0x0000000008000ff8                SystemInit
 .text.Reset_Handler
                0x0000000008001024       0x50 Core/Startup/startup_stm32f746nghx.o
                0x0000000008001024                Reset_Handler
 .text.Default_Handler
                0x0000000008001074        0x2 Core/Startup/startup_stm32f746nghx.o
                0x0000000008001074                RTC_Alarm_IRQHandler
                0x0000000008001074                EXTI2_IRQHandler
                0x0000000008001074                TIM8_CC_IRQHandler
                0x0000000008001074                UART8_IRQHandler
                0x0000000008001074                SPI4_IRQHandler
                0x0000000008001074                TIM1_CC_IRQHandler
                0x0000000008001074                DMA2_Stream5_IRQHandler
                0x0000000008001074                DMA1_Stream5_IRQHandler
                0x0000000008001074                PVD_IRQHandler
                0x0000000008001074                TAMP_STAMP_IRQHandler
                0x0000000008001074                CAN2_RX1_IRQHandler
                0x0000000008001074                EXTI3_IRQHandler
                0x0000000008001074                TIM8_TRG_COM_TIM14_IRQHandler
                0x0000000008001074                TIM8_UP_TIM13_IRQHandler
                0x0000000008001074                I2C3_ER_IRQHandler
                0x0000000008001074                EXTI0_IRQHandler
                0x0000000008001074                I2C2_EV_IRQHandler
                0x0000000008001074                DMA1_Stream2_IRQHandler
                0x0000000008001074                CAN1_RX0_IRQHandler
                0x0000000008001074                FPU_IRQHandler
                0x0000000008001074                OTG_HS_WKUP_IRQHandler
                0x0000000008001074                LTDC_ER_IRQHandler
                0x0000000008001074                CAN2_SCE_IRQHandler
                0x0000000008001074                DMA2_Stream2_IRQHandler
                0x0000000008001074                SPI1_IRQHandler
                0x0000000008001074                TIM6_DAC_IRQHandler
                0x0000000008001074                TIM1_BRK_TIM9_IRQHandler
                0x0000000008001074                DCMI_IRQHandler
                0x0000000008001074                CAN2_RX0_IRQHandler
                0x0000000008001074                DMA2_Stream3_IRQHandler
                0x0000000008001074                SAI2_IRQHandler
                0x0000000008001074                USART3_IRQHandler
                0x0000000008001074                CAN1_RX1_IRQHandler
                0x0000000008001074                UART5_IRQHandler
                0x0000000008001074                DMA2_Stream0_IRQHandler
                0x0000000008001074                TIM4_IRQHandler
                0x0000000008001074                QUADSPI_IRQHandler
                0x0000000008001074                I2C1_EV_IRQHandler
                0x0000000008001074                DMA1_Stream6_IRQHandler
                0x0000000008001074                DMA1_Stream1_IRQHandler
                0x0000000008001074                UART4_IRQHandler
                0x0000000008001074                TIM3_IRQHandler
                0x0000000008001074                RCC_IRQHandler
                0x0000000008001074                TIM8_BRK_TIM12_IRQHandler
                0x0000000008001074                Default_Handler
                0x0000000008001074                CEC_IRQHandler
                0x0000000008001074                EXTI15_10_IRQHandler
                0x0000000008001074                ADC_IRQHandler
                0x0000000008001074                DMA1_Stream7_IRQHandler
                0x0000000008001074                SPI5_IRQHandler
                0x0000000008001074                TIM7_IRQHandler
                0x0000000008001074                SDMMC1_IRQHandler
                0x0000000008001074                CAN2_TX_IRQHandler
                0x0000000008001074                TIM5_IRQHandler
                0x0000000008001074                DMA2_Stream7_IRQHandler
                0x0000000008001074                I2C3_EV_IRQHandler
                0x0000000008001074                EXTI9_5_IRQHandler
                0x0000000008001074                RTC_WKUP_IRQHandler
                0x0000000008001074                LTDC_IRQHandler
                0x0000000008001074                ETH_WKUP_IRQHandler
                0x0000000008001074                SPDIF_RX_IRQHandler
                0x0000000008001074                SPI2_IRQHandler
                0x0000000008001074                OTG_HS_EP1_IN_IRQHandler
                0x0000000008001074                DMA1_Stream0_IRQHandler
                0x0000000008001074                CAN1_TX_IRQHandler
                0x0000000008001074                EXTI4_IRQHandler
                0x0000000008001074                RNG_IRQHandler
                0x0000000008001074                ETH_IRQHandler
                0x0000000008001074                OTG_HS_EP1_OUT_IRQHandler
                0x0000000008001074                WWDG_IRQHandler
                0x0000000008001074                SPI6_IRQHandler
                0x0000000008001074                I2C4_EV_IRQHandler
                0x0000000008001074                OTG_FS_WKUP_IRQHandler
                0x0000000008001074                TIM1_TRG_COM_TIM11_IRQHandler
                0x0000000008001074                OTG_HS_IRQHandler
                0x0000000008001074                DMA2D_IRQHandler
                0x0000000008001074                EXTI1_IRQHandler
                0x0000000008001074                USART2_IRQHandler
                0x0000000008001074                I2C2_ER_IRQHandler
                0x0000000008001074                DMA2_Stream1_IRQHandler
                0x0000000008001074                CAN1_SCE_IRQHandler
                0x0000000008001074                FLASH_IRQHandler
                0x0000000008001074                DMA2_Stream4_IRQHandler
                0x0000000008001074                USART1_IRQHandler
                0x0000000008001074                OTG_FS_IRQHandler
                0x0000000008001074                SPI3_IRQHandler
                0x0000000008001074                DMA1_Stream4_IRQHandler
                0x0000000008001074                I2C1_ER_IRQHandler
                0x0000000008001074                FMC_IRQHandler
                0x0000000008001074                LPTIM1_IRQHandler
                0x0000000008001074                I2C4_ER_IRQHandler
                0x0000000008001074                DMA2_Stream6_IRQHandler
                0x0000000008001074                SAI1_IRQHandler
                0x0000000008001074                DMA1_Stream3_IRQHandler
 .text.HAL_Init
                0x0000000008001076       0x1a Drivers/STM32F7xx_HAL_Driver/Src/stm32f7xx_hal.o
                0x0000000008001076                HAL_Init
 .text.HAL_IncTick
                0x0000000008001090       0x28 Drivers/STM32F7xx_HAL_Driver/Src/stm32f7xx_hal.o
                0x0000000008001090                HAL_IncTick
 .text.HAL_GetTick
                0x00000000080010b8       0x18 Drivers/STM32F7xx_HAL_Driver/Src/stm32f7xx_hal.o
                0x00000000080010b8                HAL_GetTick
 .text.HAL_Delay
                0x00000000080010d0       0x44 Drivers/STM32F7xx_HAL_Driver/Src/stm32f7xx_hal.o
                0x00000000080010d0                HAL_Delay
 .text.HAL_ADC_Init
                0x0000000008001114       0x88 Drivers/STM32F7xx_HAL_Driver/Src/stm32f7xx_hal_adc.o
                0x0000000008001114                HAL_ADC_Init
 .text.HAL_ADC_Start
                0x000000000800119c      0x180 Drivers/STM32F7xx_HAL_Driver/Src/stm32f7xx_hal_adc.o
                0x000000000800119c                HAL_ADC_Start
 .text.HAL_ADC_Stop
                0x000000000800131c       0x68 Drivers/STM32F7xx_HAL_Driver/Src/stm32f7xx_hal_adc.o
                0x000000000800131c                HAL_ADC_Stop
 .text.HAL_ADC_PollForConversion
                0x0000000008001384      0x108 Drivers/STM32F7xx_HAL_Driver/Src/stm32f7xx_hal_adc.o
                0x0000000008001384                HAL_ADC_PollForConversion
 .text.HAL_ADC_GetValue
                0x000000000800148c       0x1a Drivers/STM32F7xx_HAL_Driver/Src/stm32f7xx_hal_adc.o
                0x000000000800148c                HAL_ADC_GetValue
 *fill*         0x00000000080014a6        0x2 
 .text.HAL_ADC_ConfigChannel
                0x00000000080014a8      0x294 Drivers/STM32F7xx_HAL_Driver/Src/stm32f7xx_hal_adc.o
                0x00000000080014a8                HAL_ADC_ConfigChannel
 .text.ADC_Init
                0x000000000800173c      0x1f4 Drivers/STM32F7xx_HAL_Driver/Src/stm32f7xx_hal_adc.o
 .text.__NVIC_SetPriorityGrouping
                0x0000000008001930       0x48 Drivers/STM32F7xx_HAL_Driver/Src/stm32f7xx_hal_cortex.o
 .text.__NVIC_GetPriorityGrouping
                0x0000000008001978       0x1c Drivers/STM32F7xx_HAL_Driver/Src/stm32f7xx_hal_cortex.o
 .text.__NVIC_EnableIRQ
                0x0000000008001994       0x3c Drivers/STM32F7xx_HAL_Driver/Src/stm32f7xx_hal_cortex.o
 .text.__NVIC_SetPriority
                0x00000000080019d0       0x54 Drivers/STM32F7xx_HAL_Driver/Src/stm32f7xx_hal_cortex.o
 .text.NVIC_EncodePriority
                0x0000000008001a24       0x66 Drivers/STM32F7xx_HAL_Driver/Src/stm32f7xx_hal_cortex.o
 .text.HAL_NVIC_SetPriorityGrouping
                0x0000000008001a8a       0x16 Drivers/STM32F7xx_HAL_Driver/Src/stm32f7xx_hal_cortex.o
                0x0000000008001a8a                HAL_NVIC_SetPriorityGrouping
 .text.HAL_NVIC_SetPriority
                0x0000000008001aa0       0x38 Drivers/STM32F7xx_HAL_Driver/Src/stm32f7xx_hal_cortex.o
                0x0000000008001aa0                HAL_NVIC_SetPriority
 .text.HAL_NVIC_EnableIRQ
                0x0000000008001ad8       0x1c Drivers/STM32F7xx_HAL_Driver/Src/stm32f7xx_hal_cortex.o
                0x0000000008001ad8                HAL_NVIC_EnableIRQ
 .text.HAL_DMA_Abort_IT
                0x0000000008001af4       0x44 Drivers/STM32F7xx_HAL_Driver/Src/stm32f7xx_hal_dma.o
                0x0000000008001af4                HAL_DMA_Abort_IT
 .text.HAL_GPIO_Init
                0x0000000008001b38      0x354 Drivers/STM32F7xx_HAL_Driver/Src/stm32f7xx_hal_gpio.o
                0x0000000008001b38                HAL_GPIO_Init
 .text.HAL_GPIO_ReadPin
                0x0000000008001e8c       0x30 Drivers/STM32F7xx_HAL_Driver/Src/stm32f7xx_hal_gpio.o
                0x0000000008001e8c                HAL_GPIO_ReadPin
 .text.HAL_I2C_Init
                0x0000000008001ebc      0x120 Drivers/STM32F7xx_HAL_Driver/Src/stm32f7xx_hal_i2c.o
                0x0000000008001ebc                HAL_I2C_Init
 .text.HAL_I2C_Master_Transmit
                0x0000000008001fdc      0x1e8 Drivers/STM32F7xx_HAL_Driver/Src/stm32f7xx_hal_i2c.o
                0x0000000008001fdc                HAL_I2C_Master_Transmit
 .text.HAL_I2C_IsDeviceReady
                0x00000000080021c4      0x210 Drivers/STM32F7xx_HAL_Driver/Src/stm32f7xx_hal_i2c.o
                0x00000000080021c4                HAL_I2C_IsDeviceReady
 .text.I2C_Flush_TXDR
                0x00000000080023d4       0x48 Drivers/STM32F7xx_HAL_Driver/Src/stm32f7xx_hal_i2c.o
 .text.I2C_WaitOnFlagUntilTimeout
                0x000000000800241c       0x80 Drivers/STM32F7xx_HAL_Driver/Src/stm32f7xx_hal_i2c.o
 .text.I2C_WaitOnTXISFlagUntilTimeout
                0x000000000800249c       0x80 Drivers/STM32F7xx_HAL_Driver/Src/stm32f7xx_hal_i2c.o
 .text.I2C_WaitOnSTOPFlagUntilTimeout
                0x000000000800251c       0x78 Drivers/STM32F7xx_HAL_Driver/Src/stm32f7xx_hal_i2c.o
 .text.I2C_IsAcknowledgeFailed
                0x0000000008002594       0xcc Drivers/STM32F7xx_HAL_Driver/Src/stm32f7xx_hal_i2c.o
 .text.I2C_TransferConfig
                0x0000000008002660       0x5c Drivers/STM32F7xx_HAL_Driver/Src/stm32f7xx_hal_i2c.o
 .text.HAL_I2CEx_ConfigAnalogFilter
                0x00000000080026bc       0x96 Drivers/STM32F7xx_HAL_Driver/Src/stm32f7xx_hal_i2c_ex.o
                0x00000000080026bc                HAL_I2CEx_ConfigAnalogFilter
 .text.HAL_I2CEx_ConfigDigitalFilter
                0x0000000008002752       0x98 Drivers/STM32F7xx_HAL_Driver/Src/stm32f7xx_hal_i2c_ex.o
                0x0000000008002752                HAL_I2CEx_ConfigDigitalFilter
 *fill*         0x00000000080027ea        0x2 
 .text.HAL_PWREx_EnableOverDrive
                0x00000000080027ec       0xa0 Drivers/STM32F7xx_HAL_Driver/Src/stm32f7xx_hal_pwr_ex.o
                0x00000000080027ec                HAL_PWREx_EnableOverDrive
 .text.HAL_RCC_OscConfig
                0x000000000800288c      0x548 Drivers/STM32F7xx_HAL_Driver/Src/stm32f7xx_hal_rcc.o
                0x000000000800288c                HAL_RCC_OscConfig
 .text.HAL_RCC_ClockConfig
                0x0000000008002dd4      0x1d8 Drivers/STM32F7xx_HAL_Driver/Src/stm32f7xx_hal_rcc.o
                0x0000000008002dd4                HAL_RCC_ClockConfig
 .text.HAL_RCC_GetSysClockFreq
                0x0000000008002fac      0x164 Drivers/STM32F7xx_HAL_Driver/Src/stm32f7xx_hal_rcc.o
                0x0000000008002fac                HAL_RCC_GetSysClockFreq
 .text.HAL_RCC_GetHCLKFreq
                0x0000000008003110       0x18 Drivers/STM32F7xx_HAL_Driver/Src/stm32f7xx_hal_rcc.o
                0x0000000008003110                HAL_RCC_GetHCLKFreq
 .text.HAL_RCC_GetPCLK1Freq
                0x0000000008003128       0x28 Drivers/STM32F7xx_HAL_Driver/Src/stm32f7xx_hal_rcc.o
                0x0000000008003128                HAL_RCC_GetPCLK1Freq
 .text.HAL_RCC_GetPCLK2Freq
                0x0000000008003150       0x28 Drivers/STM32F7xx_HAL_Driver/Src/stm32f7xx_hal_rcc.o
                0x0000000008003150                HAL_RCC_GetPCLK2Freq
 .text.HAL_RCC_GetClockConfig
                0x0000000008003178       0x64 Drivers/STM32F7xx_HAL_Driver/Src/stm32f7xx_hal_rcc.o
                0x0000000008003178                HAL_RCC_GetClockConfig
 .text.HAL_RCCEx_PeriphCLKConfig
                0x00000000080031dc      0x7dc Drivers/STM32F7xx_HAL_Driver/Src/stm32f7xx_hal_rcc_ex.o
                0x00000000080031dc                HAL_RCCEx_PeriphCLKConfig
 .text.HAL_TIM_Base_Init
                0x00000000080039b8       0x56 Drivers/STM32F7xx_HAL_Driver/Src/stm32f7xx_hal_tim.o
                0x00000000080039b8                HAL_TIM_Base_Init
 *fill*         0x0000000008003a0e        0x2 
 .text.HAL_TIM_Base_Start_IT
                0x0000000008003a10       0x54 Drivers/STM32F7xx_HAL_Driver/Src/stm32f7xx_hal_tim.o
                0x0000000008003a10                HAL_TIM_Base_Start_IT
 .text.HAL_TIM_IRQHandler
                0x0000000008003a64      0x23e Drivers/STM32F7xx_HAL_Driver/Src/stm32f7xx_hal_tim.o
                0x0000000008003a64                HAL_TIM_IRQHandler
 *fill*         0x0000000008003ca2        0x2 
 .text.HAL_TIM_ConfigClockSource
                0x0000000008003ca4      0x174 Drivers/STM32F7xx_HAL_Driver/Src/stm32f7xx_hal_tim.o
                0x0000000008003ca4                HAL_TIM_ConfigClockSource
 .text.HAL_TIM_OC_DelayElapsedCallback
                0x0000000008003e18       0x14 Drivers/STM32F7xx_HAL_Driver/Src/stm32f7xx_hal_tim.o
                0x0000000008003e18                HAL_TIM_OC_DelayElapsedCallback
 .text.HAL_TIM_IC_CaptureCallback
                0x0000000008003e2c       0x14 Drivers/STM32F7xx_HAL_Driver/Src/stm32f7xx_hal_tim.o
                0x0000000008003e2c                HAL_TIM_IC_CaptureCallback
 .text.HAL_TIM_PWM_PulseFinishedCallback
                0x0000000008003e40       0x14 Drivers/STM32F7xx_HAL_Driver/Src/stm32f7xx_hal_tim.o
                0x0000000008003e40                HAL_TIM_PWM_PulseFinishedCallback
 .text.HAL_TIM_TriggerCallback
                0x0000000008003e54       0x14 Drivers/STM32F7xx_HAL_Driver/Src/stm32f7xx_hal_tim.o
                0x0000000008003e54                HAL_TIM_TriggerCallback
 .text.TIM_Base_SetConfig
                0x0000000008003e68      0x140 Drivers/STM32F7xx_HAL_Driver/Src/stm32f7xx_hal_tim.o
                0x0000000008003e68                TIM_Base_SetConfig
 .text.TIM_TI1_ConfigInputStage
                0x0000000008003fa8       0x5e Drivers/STM32F7xx_HAL_Driver/Src/stm32f7xx_hal_tim.o
 .text.TIM_TI2_ConfigInputStage
                0x0000000008004006       0x60 Drivers/STM32F7xx_HAL_Driver/Src/stm32f7xx_hal_tim.o
 .text.TIM_ITRx_SetConfig
                0x0000000008004066       0x36 Drivers/STM32F7xx_HAL_Driver/Src/stm32f7xx_hal_tim.o
 .text.TIM_ETR_SetConfig
                0x000000000800409c       0x40 Drivers/STM32F7xx_HAL_Driver/Src/stm32f7xx_hal_tim.o
                0x000000000800409c                TIM_ETR_SetConfig
 .text.HAL_TIMEx_MasterConfigSynchronization
                0x00000000080040dc      0x11c Drivers/STM32F7xx_HAL_Driver/Src/stm32f7xx_hal_tim_ex.o
                0x00000000080040dc                HAL_TIMEx_MasterConfigSynchronization
 .text.HAL_TIMEx_CommutCallback
                0x00000000080041f8       0x14 Drivers/STM32F7xx_HAL_Driver/Src/stm32f7xx_hal_tim_ex.o
                0x00000000080041f8                HAL_TIMEx_CommutCallback
 .text.HAL_TIMEx_BreakCallback
                0x000000000800420c       0x14 Drivers/STM32F7xx_HAL_Driver/Src/stm32f7xx_hal_tim_ex.o
                0x000000000800420c                HAL_TIMEx_BreakCallback
 .text.HAL_TIMEx_Break2Callback
                0x0000000008004220       0x14 Drivers/STM32F7xx_HAL_Driver/Src/stm32f7xx_hal_tim_ex.o
                0x0000000008004220                HAL_TIMEx_Break2Callback
 .text.HAL_UART_Init
                0x0000000008004234       0x9c Drivers/STM32F7xx_HAL_Driver/Src/stm32f7xx_hal_uart.o
                0x0000000008004234                HAL_UART_Init
 .text.HAL_UART_Transmit
                0x00000000080042d0      0x122 Drivers/STM32F7xx_HAL_Driver/Src/stm32f7xx_hal_uart.o
                0x00000000080042d0                HAL_UART_Transmit
 *fill*         0x00000000080043f2        0x2 
 .text.HAL_UART_Receive_IT
                0x00000000080043f4      0x144 Drivers/STM32F7xx_HAL_Driver/Src/stm32f7xx_hal_uart.o
                0x00000000080043f4                HAL_UART_Receive_IT
 .text.HAL_UART_IRQHandler
                0x0000000008004538      0x264 Drivers/STM32F7xx_HAL_Driver/Src/stm32f7xx_hal_uart.o
                0x0000000008004538                HAL_UART_IRQHandler
 .text.HAL_UART_TxCpltCallback
                0x000000000800479c       0x14 Drivers/STM32F7xx_HAL_Driver/Src/stm32f7xx_hal_uart.o
                0x000000000800479c                HAL_UART_TxCpltCallback
 .text.HAL_UART_RxCpltCallback
                0x00000000080047b0       0x14 Drivers/STM32F7xx_HAL_Driver/Src/stm32f7xx_hal_uart.o
                0x00000000080047b0                HAL_UART_RxCpltCallback
 .text.HAL_UART_ErrorCallback
                0x00000000080047c4       0x14 Drivers/STM32F7xx_HAL_Driver/Src/stm32f7xx_hal_uart.o
                0x00000000080047c4                HAL_UART_ErrorCallback
 .text.UART_SetConfig
                0x00000000080047d8      0x554 Drivers/STM32F7xx_HAL_Driver/Src/stm32f7xx_hal_uart.o
                0x00000000080047d8                UART_SetConfig
 .text.UART_AdvFeatureConfig
                0x0000000008004d2c      0x144 Drivers/STM32F7xx_HAL_Driver/Src/stm32f7xx_hal_uart.o
                0x0000000008004d2c                UART_AdvFeatureConfig
 .text.UART_CheckIdleState
                0x0000000008004e70       0x5e Drivers/STM32F7xx_HAL_Driver/Src/stm32f7xx_hal_uart.o
                0x0000000008004e70                UART_CheckIdleState
 .text.UART_WaitOnFlagUntilTimeout
                0x0000000008004ece       0xf6 Drivers/STM32F7xx_HAL_Driver/Src/stm32f7xx_hal_uart.o
                0x0000000008004ece                UART_WaitOnFlagUntilTimeout
 .text.UART_EndRxTransfer
                0x0000000008004fc4       0x40 Drivers/STM32F7xx_HAL_Driver/Src/stm32f7xx_hal_uart.o
 .text.UART_DMAAbortOnError
                0x0000000008005004       0x2c Drivers/STM32F7xx_HAL_Driver/Src/stm32f7xx_hal_uart.o
 .text.UART_EndTransmit_IT
                0x0000000008005030       0x32 Drivers/STM32F7xx_HAL_Driver/Src/stm32f7xx_hal_uart.o
 .text.UART_RxISR_8BIT
                0x0000000008005062       0xa6 Drivers/STM32F7xx_HAL_Driver/Src/stm32f7xx_hal_uart.o
 .text.UART_RxISR_16BIT
                0x0000000008005108       0xa6 Drivers/STM32F7xx_HAL_Driver/Src/stm32f7xx_hal_uart.o
 *fill*         0x00000000080051ae        0x2 
 .text.vApplicationGetIdleTaskMemory
                0x00000000080051b0       0x34 Middlewares/Third_Party/FreeRTOS/Source/CMSIS_RTOS_V2/cmsis_os2.o
                0x00000000080051b0                vApplicationGetIdleTaskMemory
 .text.vApplicationGetTimerTaskMemory
                0x00000000080051e4       0x34 Middlewares/Third_Party/FreeRTOS/Source/CMSIS_RTOS_V2/cmsis_os2.o
                0x00000000080051e4                vApplicationGetTimerTaskMemory
 .text.vListInitialise
                0x0000000008005218       0x40 Middlewares/Third_Party/FreeRTOS/Source/list.o
                0x0000000008005218                vListInitialise
 .text.vListInitialiseItem
                0x0000000008005258       0x1a Middlewares/Third_Party/FreeRTOS/Source/list.o
                0x0000000008005258                vListInitialiseItem
 .text.vListInsertEnd
                0x0000000008005272       0x48 Middlewares/Third_Party/FreeRTOS/Source/list.o
                0x0000000008005272                vListInsertEnd
 .text.vListInsert
                0x00000000080052ba       0x72 Middlewares/Third_Party/FreeRTOS/Source/list.o
                0x00000000080052ba                vListInsert
 .text.uxListRemove
                0x000000000800532c       0x54 Middlewares/Third_Party/FreeRTOS/Source/list.o
                0x000000000800532c                uxListRemove
 .text.xQueueGenericReset
                0x0000000008005380       0xd4 Middlewares/Third_Party/FreeRTOS/Source/queue.o
                0x0000000008005380                xQueueGenericReset
 .text.xQueueGenericCreateStatic
                0x0000000008005454       0xfa Middlewares/Third_Party/FreeRTOS/Source/queue.o
                0x0000000008005454                xQueueGenericCreateStatic
 .text.xQueueGenericCreate
                0x000000000800554e       0x82 Middlewares/Third_Party/FreeRTOS/Source/queue.o
                0x000000000800554e                xQueueGenericCreate
 .text.prvInitialiseNewQueue
                0x00000000080055d0       0x46 Middlewares/Third_Party/FreeRTOS/Source/queue.o
 *fill*         0x0000000008005616        0x2 
 .text.xQueueGenericSend
                0x0000000008005618      0x204 Middlewares/Third_Party/FreeRTOS/Source/queue.o
                0x0000000008005618                xQueueGenericSend
 .text.xQueueGenericSendFromISR
                0x000000000800581c      0x138 Middlewares/Third_Party/FreeRTOS/Source/queue.o
                0x000000000800581c                xQueueGenericSendFromISR
 .text.xQueueReceive
                0x0000000008005954      0x1c4 Middlewares/Third_Party/FreeRTOS/Source/queue.o
                0x0000000008005954                xQueueReceive
 .text.prvCopyDataToQueue
                0x0000000008005b18       0xd4 Middlewares/Third_Party/FreeRTOS/Source/queue.o
 .text.prvCopyDataFromQueue
                0x0000000008005bec       0x4c Middlewares/Third_Party/FreeRTOS/Source/queue.o
 .text.prvUnlockQueue
                0x0000000008005c38       0xa4 Middlewares/Third_Party/FreeRTOS/Source/queue.o
 .text.prvIsQueueEmpty
                0x0000000008005cdc       0x2c Middlewares/Third_Party/FreeRTOS/Source/queue.o
 .text.prvIsQueueFull
                0x0000000008005d08       0x30 Middlewares/Third_Party/FreeRTOS/Source/queue.o
 .text.vQueueAddToRegistry
                0x0000000008005d38       0x50 Middlewares/Third_Party/FreeRTOS/Source/queue.o
                0x0000000008005d38                vQueueAddToRegistry
 .text.vQueueWaitForMessageRestricted
                0x0000000008005d88       0x68 Middlewares/Third_Party/FreeRTOS/Source/queue.o
                0x0000000008005d88                vQueueWaitForMessageRestricted
 .text.xTaskCreateStatic
                0x0000000008005df0       0xc0 Middlewares/Third_Party/FreeRTOS/Source/tasks.o
                0x0000000008005df0                xTaskCreateStatic
 .text.xTaskCreate
                0x0000000008005eb0       0x8a Middlewares/Third_Party/FreeRTOS/Source/tasks.o
                0x0000000008005eb0                xTaskCreate
 .text.prvInitialiseNewTask
                0x0000000008005f3a      0x120 Middlewares/Third_Party/FreeRTOS/Source/tasks.o
 *fill*         0x000000000800605a        0x2 
 .text.prvAddNewTaskToReadyList
                0x000000000800605c       0xe0 Middlewares/Third_Party/FreeRTOS/Source/tasks.o
 .text.vTaskDelay
                0x000000000800613c       0x6c Middlewares/Third_Party/FreeRTOS/Source/tasks.o
                0x000000000800613c                vTaskDelay
 .text.vTaskStartScheduler
                0x00000000080061a8       0xd0 Middlewares/Third_Party/FreeRTOS/Source/tasks.o
                0x00000000080061a8                vTaskStartScheduler
 .text.vTaskSuspendAll
                0x0000000008006278       0x1c Middlewares/Third_Party/FreeRTOS/Source/tasks.o
                0x0000000008006278                vTaskSuspendAll
 .text.xTaskResumeAll
                0x0000000008006294      0x13c Middlewares/Third_Party/FreeRTOS/Source/tasks.o
                0x0000000008006294                xTaskResumeAll
 .text.xTaskGetTickCount
                0x00000000080063d0       0x20 Middlewares/Third_Party/FreeRTOS/Source/tasks.o
                0x00000000080063d0                xTaskGetTickCount
 .text.xTaskIncrementTick
                0x00000000080063f0      0x174 Middlewares/Third_Party/FreeRTOS/Source/tasks.o
                0x00000000080063f0                xTaskIncrementTick
 .text.vTaskSwitchContext
                0x0000000008006564       0xbc Middlewares/Third_Party/FreeRTOS/Source/tasks.o
                0x0000000008006564                vTaskSwitchContext
 .text.vTaskPlaceOnEventList
                0x0000000008006620       0x4c Middlewares/Third_Party/FreeRTOS/Source/tasks.o
                0x0000000008006620                vTaskPlaceOnEventList
 .text.vTaskPlaceOnEventListRestricted
                0x000000000800666c       0x58 Middlewares/Third_Party/FreeRTOS/Source/tasks.o
                0x000000000800666c                vTaskPlaceOnEventListRestricted
 .text.xTaskRemoveFromEventList
                0x00000000080066c4       0xc8 Middlewares/Third_Party/FreeRTOS/Source/tasks.o
                0x00000000080066c4                xTaskRemoveFromEventList
 .text.vTaskInternalSetTimeOutState
                0x000000000800678c       0x2c Middlewares/Third_Party/FreeRTOS/Source/tasks.o
                0x000000000800678c                vTaskInternalSetTimeOutState
 .text.xTaskCheckForTimeOut
                0x00000000080067b8       0xc8 Middlewares/Third_Party/FreeRTOS/Source/tasks.o
                0x00000000080067b8                xTaskCheckForTimeOut
 .text.vTaskMissedYield
                0x0000000008006880       0x18 Middlewares/Third_Party/FreeRTOS/Source/tasks.o
                0x0000000008006880                vTaskMissedYield
 .text.prvIdleTask
                0x0000000008006898       0x30 Middlewares/Third_Party/FreeRTOS/Source/tasks.o
 .text.prvInitialiseTaskLists
                0x00000000080068c8       0x80 Middlewares/Third_Party/FreeRTOS/Source/tasks.o
 .text.prvCheckTasksWaitingTermination
                0x0000000008006948       0x58 Middlewares/Third_Party/FreeRTOS/Source/tasks.o
 .text.prvDeleteTCB
                0x00000000080069a0       0x60 Middlewares/Third_Party/FreeRTOS/Source/tasks.o
 .text.prvResetNextTaskUnblockTime
                0x0000000008006a00       0x40 Middlewares/Third_Party/FreeRTOS/Source/tasks.o
 .text.xTaskGetSchedulerState
                0x0000000008006a40       0x3c Middlewares/Third_Party/FreeRTOS/Source/tasks.o
                0x0000000008006a40                xTaskGetSchedulerState
 .text.xTaskPriorityDisinherit
                0x0000000008006a7c       0xe0 Middlewares/Third_Party/FreeRTOS/Source/tasks.o
                0x0000000008006a7c                xTaskPriorityDisinherit
 .text.prvAddCurrentTaskToDelayedList
                0x0000000008006b5c       0xa8 Middlewares/Third_Party/FreeRTOS/Source/tasks.o
 .text.xTimerCreateTimerTask
                0x0000000008006c04       0x94 Middlewares/Third_Party/FreeRTOS/Source/timers.o
                0x0000000008006c04                xTimerCreateTimerTask
 .text.xTimerGenericCommand
                0x0000000008006c98       0x9c Middlewares/Third_Party/FreeRTOS/Source/timers.o
                0x0000000008006c98                xTimerGenericCommand
 .text.prvProcessExpiredTimer
                0x0000000008006d34       0x9c Middlewares/Third_Party/FreeRTOS/Source/timers.o
 .text.prvTimerTask
                0x0000000008006dd0       0x24 Middlewares/Third_Party/FreeRTOS/Source/timers.o
 .text.prvProcessTimerOrBlockTask
                0x0000000008006df4       0x9c Middlewares/Third_Party/FreeRTOS/Source/timers.o
 .text.prvGetNextExpireTime
                0x0000000008006e90       0x48 Middlewares/Third_Party/FreeRTOS/Source/timers.o
 .text.prvSampleTimeNow
                0x0000000008006ed8       0x40 Middlewares/Third_Party/FreeRTOS/Source/timers.o
 .text.prvInsertTimerInActiveList
                0x0000000008006f18       0x84 Middlewares/Third_Party/FreeRTOS/Source/timers.o
 .text.prvProcessReceivedCommands
                0x0000000008006f9c      0x1c4 Middlewares/Third_Party/FreeRTOS/Source/timers.o
 .text.prvSwitchTimerLists
                0x0000000008007160       0xcc Middlewares/Third_Party/FreeRTOS/Source/timers.o
 .text.prvCheckForValidListAndQueue
                0x000000000800722c       0x80 Middlewares/Third_Party/FreeRTOS/Source/timers.o
 .text.pxPortInitialiseStack
                0x00000000080072ac       0x68 Middlewares/Third_Party/FreeRTOS/Source/portable/GCC/ARM_CM7/r0p1/port.o
                0x00000000080072ac                pxPortInitialiseStack
 .text.prvTaskExitError
                0x0000000008007314       0x5c Middlewares/Third_Party/FreeRTOS/Source/portable/GCC/ARM_CM7/r0p1/port.o
 .text.SVC_Handler
                0x0000000008007370       0x28 Middlewares/Third_Party/FreeRTOS/Source/portable/GCC/ARM_CM7/r0p1/port.o
                0x0000000008007370                SVC_Handler
 .text.prvPortStartFirstTask
                0x0000000008007398       0x28 Middlewares/Third_Party/FreeRTOS/Source/portable/GCC/ARM_CM7/r0p1/port.o
 .text.xPortStartScheduler
                0x00000000080073c0       0xf8 Middlewares/Third_Party/FreeRTOS/Source/portable/GCC/ARM_CM7/r0p1/port.o
                0x00000000080073c0                xPortStartScheduler
 .text.vPortEnterCritical
                0x00000000080074b8       0x64 Middlewares/Third_Party/FreeRTOS/Source/portable/GCC/ARM_CM7/r0p1/port.o
                0x00000000080074b8                vPortEnterCritical
 .text.vPortExitCritical
                0x000000000800751c       0x54 Middlewares/Third_Party/FreeRTOS/Source/portable/GCC/ARM_CM7/r0p1/port.o
                0x000000000800751c                vPortExitCritical
 .text.PendSV_Handler
                0x0000000008007570       0x68 Middlewares/Third_Party/FreeRTOS/Source/portable/GCC/ARM_CM7/r0p1/port.o
                0x0000000008007570                PendSV_Handler
 .text.SysTick_Handler
                0x00000000080075d8       0x44 Middlewares/Third_Party/FreeRTOS/Source/portable/GCC/ARM_CM7/r0p1/port.o
                0x00000000080075d8                SysTick_Handler
 .text.vPortSetupTimerInterrupt
                0x000000000800761c       0x48 Middlewares/Third_Party/FreeRTOS/Source/portable/GCC/ARM_CM7/r0p1/port.o
                0x000000000800761c                vPortSetupTimerInterrupt
 .text.vPortEnableVFP
                0x0000000008007664       0x14 Middlewares/Third_Party/FreeRTOS/Source/portable/GCC/ARM_CM7/r0p1/port.o
 .text.vPortValidateInterruptPriority
                0x0000000008007678       0x84 Middlewares/Third_Party/FreeRTOS/Source/portable/GCC/ARM_CM7/r0p1/port.o
                0x0000000008007678                vPortValidateInterruptPriority
 .text.pvPortMalloc
                0x00000000080076fc      0x190 Middlewares/Third_Party/FreeRTOS/Source/portable/MemMang/heap_4.o
                0x00000000080076fc                pvPortMalloc
 .text.vPortFree
                0x000000000800788c       0xb8 Middlewares/Third_Party/FreeRTOS/Source/portable/MemMang/heap_4.o
                0x000000000800788c                vPortFree
 .text.prvHeapInit
                0x0000000008007944       0xc4 Middlewares/Third_Party/FreeRTOS/Source/portable/MemMang/heap_4.o
 .text.prvInsertBlockIntoFreeList
                0x0000000008007a08       0xb4 Middlewares/Third_Party/FreeRTOS/Source/portable/MemMang/heap_4.o
 .text.readAnalog2Values
                0x0000000008007abc       0x60 analogValuesController/analogValuesController.o
                0x0000000008007abc                readAnalog2Values
 .text.getAnalogValue1
                0x0000000008007b1c       0x18 analogValuesController/analogValuesController.o
                0x0000000008007b1c                getAnalogValue1
 .text.getAnalogValue2
                0x0000000008007b34       0x18 analogValuesController/analogValuesController.o
                0x0000000008007b34                getAnalogValue2
 .text.valuesMap
                0x0000000008007b4c       0x4a analogValuesController/analogValuesController.o
                0x0000000008007b4c                valuesMap
 *fill*         0x0000000008007b96        0x2 
 .text.buttonCounterIncrease
                0x0000000008007b98       0x74 buttonController/buttonController.o
                0x0000000008007b98                buttonCounterIncrease
 .text.selectButton_Listenner_For_MenuControl
                0x0000000008007c0c       0x4c buttonController/buttonController.o
                0x0000000008007c0c                selectButton_Listenner_For_MenuControl
 .text.plusButton_Listenner_For_MenuControl
                0x0000000008007c58       0x50 buttonController/buttonController.o
                0x0000000008007c58                plusButton_Listenner_For_MenuControl
 .text.minusButton_Listenner_For_MenuControl
                0x0000000008007ca8       0x50 buttonController/buttonController.o
                0x0000000008007ca8                minusButton_Listenner_For_MenuControl
 .text.btnParameterInit
                0x0000000008007cf8       0x58 buttonController/buttonController.o
                0x0000000008007cf8                btnParameterInit
 .text.setDriver1AngleValue
                0x0000000008007d50       0x20 buttonController/buttonController.o
                0x0000000008007d50                setDriver1AngleValue
 .text.setDriver2AngleValue
                0x0000000008007d70       0x20 buttonController/buttonController.o
                0x0000000008007d70                setDriver2AngleValue
 .text.buttonController
                0x0000000008007d90      0x37c buttonController/buttonController.o
                0x0000000008007d90                buttonController
 .text.transmissionDriver1
                0x000000000800810c       0x30 buttonController/buttonController.o
                0x000000000800810c                transmissionDriver1
 .text.transmissionDriver2
                0x000000000800813c       0x30 buttonController/buttonController.o
                0x000000000800813c                transmissionDriver2
 .text.getDriver1TransmitVal
                0x000000000800816c       0x24 buttonController/buttonController.o
                0x000000000800816c                getDriver1TransmitVal
 .text.getDriver2TransmitVal
                0x0000000008008190       0x24 buttonController/buttonController.o
                0x0000000008008190                getDriver2TransmitVal
 .text.getSelectedLcdVal
                0x00000000080081b4       0x18 buttonController/buttonController.o
                0x00000000080081b4                getSelectedLcdVal
 .text.getSelectedLcdItemVal
                0x00000000080081cc       0x18 buttonController/buttonController.o
                0x00000000080081cc                getSelectedLcdItemVal
 .text.lcd_Init
                0x00000000080081e4       0x2c lcdDriver/lcdDriverInterface.o
                0x00000000080081e4                lcd_Init
 .text.printToLcdDrv1Receive
                0x0000000008008210       0x64 lcdDriver/lcdDriverInterface.o
                0x0000000008008210                printToLcdDrv1Receive
 .text.printToLcdDrv1Transmit
                0x0000000008008274       0x64 lcdDriver/lcdDriverInterface.o
                0x0000000008008274                printToLcdDrv1Transmit
 .text.printToLcdDrv2Receive
                0x00000000080082d8       0x64 lcdDriver/lcdDriverInterface.o
                0x00000000080082d8                printToLcdDrv2Receive
 .text.printToLcdDrv2Transmit
                0x000000000800833c       0x64 lcdDriver/lcdDriverInterface.o
                0x000000000800833c                printToLcdDrv2Transmit
 .text.cleanTheLcd
                0x00000000080083a0        0xc lcdDriver/lcdDriverInterface.o
                0x00000000080083a0                cleanTheLcd
 .text.lcdController
                0x00000000080083ac       0xd0 lcdDriver/lcdDriverInterface.o
                0x00000000080083ac                lcdController
 .text.hi2cx_define
                0x000000000800847c       0x20 lcdDriver/lcd_i2cModule.o
 .text.LCD_i2cDeviceCheck
                0x000000000800849c       0x34 lcdDriver/lcd_i2cModule.o
                0x000000000800849c                LCD_i2cDeviceCheck
 .text.LCD_Set_Command
                0x00000000080084d0       0xb8 lcdDriver/lcd_i2cModule.o
                0x00000000080084d0                LCD_Set_Command
 .text.LCD_Write_Data
                0x0000000008008588       0xc4 lcdDriver/lcd_i2cModule.o
                0x0000000008008588                LCD_Write_Data
 .text.LCD_Clear
                0x000000000800864c       0x28 lcdDriver/lcd_i2cModule.o
                0x000000000800864c                LCD_Clear
 .text.LCD_SetCursor
                0x0000000008008674       0x60 lcdDriver/lcd_i2cModule.o
                0x0000000008008674                LCD_SetCursor
 .text.LCD_Send_String
                0x00000000080086d4      0x204 lcdDriver/lcd_i2cModule.o
                0x00000000080086d4                LCD_Send_String
 .text.LCD_BackLight
                0x00000000080088d8       0x3c lcdDriver/lcd_i2cModule.o
                0x00000000080088d8                LCD_BackLight
 .text.LCD_Init
                0x0000000008008914       0x48 lcdDriver/lcd_i2cModule.o
                0x0000000008008914                LCD_Init
 .text.MDI_writeCommand
                0x000000000800895c       0x20 motorDriverInterface/motorDriverInterface.o
 .text.MDI_writeSmallData
                0x000000000800897c       0x20 motorDriverInterface/motorDriverInterface.o
 .text.MDI_writeBigData
                0x000000000800899c       0x46 motorDriverInterface/motorDriverInterface.o
 .text.MDI_2byteWriteData
                0x00000000080089e2       0x32 motorDriverInterface/motorDriverInterface.o
                0x00000000080089e2                MDI_2byteWriteData
 .text.MDI_sendDataChannel1
                0x0000000008008a14       0xe0 motorDriverInterface/motorDriverInterface.o
                0x0000000008008a14                MDI_sendDataChannel1
 .text.MDI_getDataChannel1Ver2
                0x0000000008008af4       0xc8 motorDriverInterface/motorDriverInterface.o
                0x0000000008008af4                MDI_getDataChannel1Ver2
 .text.MDI_sendDataChannel2
                0x0000000008008bbc       0xe0 motorDriverInterface/motorDriverInterface.o
                0x0000000008008bbc                MDI_sendDataChannel2
 .text.MDI_getDataChannel2Ver2
                0x0000000008008c9c       0xc8 motorDriverInterface/motorDriverInterface.o
                0x0000000008008c9c                MDI_getDataChannel2Ver2
 .text.getDriver1ReceiveVal
                0x0000000008008d64       0x24 motorDriverInterface/motorDriverInterface.o
                0x0000000008008d64                getDriver1ReceiveVal
 .text.getDriver2ReceiveVal
                0x0000000008008d88       0x24 motorDriverInterface/motorDriverInterface.o
                0x0000000008008d88                getDriver2ReceiveVal
 .text.tasks_init
                0x0000000008008dac      0x13c taskManagerInterface/taskManagerInterface.o
                0x0000000008008dac                tasks_init
 .text.sendDataUart1Task
                0x0000000008008ee8       0x14 taskManagerInterface/taskManagerInterface.o
                0x0000000008008ee8                sendDataUart1Task
 .text.sendDataUart2Task
                0x0000000008008efc       0x14 taskManagerInterface/taskManagerInterface.o
                0x0000000008008efc                sendDataUart2Task
 .text.getDataUart1Task
                0x0000000008008f10       0x14 taskManagerInterface/taskManagerInterface.o
                0x0000000008008f10                getDataUart1Task
 .text.getDataUart2Task
                0x0000000008008f24       0x14 taskManagerInterface/taskManagerInterface.o
                0x0000000008008f24                getDataUart2Task
 .text.adcReadTask
                0x0000000008008f38       0x74 taskManagerInterface/taskManagerInterface.o
                0x0000000008008f38                adcReadTask
 .text.lcdTask  0x0000000008008fac       0x22 taskManagerInterface/taskManagerInterface.o
                0x0000000008008fac                lcdTask
 .text.buttonControlTask
                0x0000000008008fce       0x18 taskManagerInterface/taskManagerInterface.o
                0x0000000008008fce                buttonControlTask
 *fill*         0x0000000008008fe6        0x2 
 .text.__errno  0x0000000008008fe8        0xc /opt/st/stm32cubeide_1.5.0/plugins/com.st.stm32cube.ide.mcu.externaltools.gnu-tools-for-stm32.7-2018-q2-update.linux64_1.5.0.202011040924/tools/bin/../lib/gcc/arm-none-eabi/7.3.1/../../../../arm-none-eabi/lib/thumb/v7e-m/fpv4-sp/hard/libc_nano.a(lib_a-errno.o)
                0x0000000008008fe8                __errno
 .text.__libc_init_array
                0x0000000008008ff4       0x48 /opt/st/stm32cubeide_1.5.0/plugins/com.st.stm32cube.ide.mcu.externaltools.gnu-tools-for-stm32.7-2018-q2-update.linux64_1.5.0.202011040924/tools/bin/../lib/gcc/arm-none-eabi/7.3.1/../../../../arm-none-eabi/lib/thumb/v7e-m/fpv4-sp/hard/libc_nano.a(lib_a-init.o)
                0x0000000008008ff4                __libc_init_array
 .text.memcpy   0x000000000800903c       0x16 /opt/st/stm32cubeide_1.5.0/plugins/com.st.stm32cube.ide.mcu.externaltools.gnu-tools-for-stm32.7-2018-q2-update.linux64_1.5.0.202011040924/tools/bin/../lib/gcc/arm-none-eabi/7.3.1/../../../../arm-none-eabi/lib/thumb/v7e-m/fpv4-sp/hard/libc_nano.a(lib_a-memcpy-stub.o)
                0x000000000800903c                memcpy
 .text.memset   0x0000000008009052       0x10 /opt/st/stm32cubeide_1.5.0/plugins/com.st.stm32cube.ide.mcu.externaltools.gnu-tools-for-stm32.7-2018-q2-update.linux64_1.5.0.202011040924/tools/bin/../lib/gcc/arm-none-eabi/7.3.1/../../../../arm-none-eabi/lib/thumb/v7e-m/fpv4-sp/hard/libc_nano.a(lib_a-memset.o)
                0x0000000008009052                memset
 *fill*         0x0000000008009062        0x2 
 .text.sprintf  0x0000000008009064       0x40 /opt/st/stm32cubeide_1.5.0/plugins/com.st.stm32cube.ide.mcu.externaltools.gnu-tools-for-stm32.7-2018-q2-update.linux64_1.5.0.202011040924/tools/bin/../lib/gcc/arm-none-eabi/7.3.1/../../../../arm-none-eabi/lib/thumb/v7e-m/fpv4-sp/hard/libc_nano.a(lib_a-sprintf.o)
                0x0000000008009064                sprintf
                0x0000000008009064                siprintf
 .text.__ssputs_r
                0x00000000080090a4       0xb4 /opt/st/stm32cubeide_1.5.0/plugins/com.st.stm32cube.ide.mcu.externaltools.gnu-tools-for-stm32.7-2018-q2-update.linux64_1.5.0.202011040924/tools/bin/../lib/gcc/arm-none-eabi/7.3.1/../../../../arm-none-eabi/lib/thumb/v7e-m/fpv4-sp/hard/libc_nano.a(lib_a-nano-svfprintf.o)
                0x00000000080090a4                __ssputs_r
 .text._svfprintf_r
                0x0000000008009158      0x1f0 /opt/st/stm32cubeide_1.5.0/plugins/com.st.stm32cube.ide.mcu.externaltools.gnu-tools-for-stm32.7-2018-q2-update.linux64_1.5.0.202011040924/tools/bin/../lib/gcc/arm-none-eabi/7.3.1/../../../../arm-none-eabi/lib/thumb/v7e-m/fpv4-sp/hard/libc_nano.a(lib_a-nano-svfprintf.o)
                0x0000000008009158                _svfprintf_r
                0x0000000008009158                _svfiprintf_r
 .text._printf_common
                0x0000000008009348       0xea /opt/st/stm32cubeide_1.5.0/plugins/com.st.stm32cube.ide.mcu.externaltools.gnu-tools-for-stm32.7-2018-q2-update.linux64_1.5.0.202011040924/tools/bin/../lib/gcc/arm-none-eabi/7.3.1/../../../../arm-none-eabi/lib/thumb/v7e-m/fpv4-sp/hard/libc_nano.a(lib_a-nano-vfprintf_i.o)
                0x0000000008009348                _printf_common
 *fill*         0x0000000008009432        0x2 
 .text._printf_i
                0x0000000008009434      0x224 /opt/st/stm32cubeide_1.5.0/plugins/com.st.stm32cube.ide.mcu.externaltools.gnu-tools-for-stm32.7-2018-q2-update.linux64_1.5.0.202011040924/tools/bin/../lib/gcc/arm-none-eabi/7.3.1/../../../../arm-none-eabi/lib/thumb/v7e-m/fpv4-sp/hard/libc_nano.a(lib_a-nano-vfprintf_i.o)
                0x0000000008009434                _printf_i
 .text.memmove  0x0000000008009658       0x32 /opt/st/stm32cubeide_1.5.0/plugins/com.st.stm32cube.ide.mcu.externaltools.gnu-tools-for-stm32.7-2018-q2-update.linux64_1.5.0.202011040924/tools/bin/../lib/gcc/arm-none-eabi/7.3.1/../../../../arm-none-eabi/lib/thumb/v7e-m/fpv4-sp/hard/libc_nano.a(lib_a-memmove.o)
                0x0000000008009658                memmove
 *fill*         0x000000000800968a        0x2 
 .text._free_r  0x000000000800968c       0x9c /opt/st/stm32cubeide_1.5.0/plugins/com.st.stm32cube.ide.mcu.externaltools.gnu-tools-for-stm32.7-2018-q2-update.linux64_1.5.0.202011040924/tools/bin/../lib/gcc/arm-none-eabi/7.3.1/../../../../arm-none-eabi/lib/thumb/v7e-m/fpv4-sp/hard/libc_nano.a(lib_a-nano-freer.o)
                0x000000000800968c                _free_r
 .text._malloc_r
                0x0000000008009728       0xb4 /opt/st/stm32cubeide_1.5.0/plugins/com.st.stm32cube.ide.mcu.externaltools.gnu-tools-for-stm32.7-2018-q2-update.linux64_1.5.0.202011040924/tools/bin/../lib/gcc/arm-none-eabi/7.3.1/../../../../arm-none-eabi/lib/thumb/v7e-m/fpv4-sp/hard/libc_nano.a(lib_a-nano-mallocr.o)
                0x0000000008009728                _malloc_r
 .text._realloc_r
                0x00000000080097dc       0x4c /opt/st/stm32cubeide_1.5.0/plugins/com.st.stm32cube.ide.mcu.externaltools.gnu-tools-for-stm32.7-2018-q2-update.linux64_1.5.0.202011040924/tools/bin/../lib/gcc/arm-none-eabi/7.3.1/../../../../arm-none-eabi/lib/thumb/v7e-m/fpv4-sp/hard/libc_nano.a(lib_a-nano-reallocr.o)
                0x00000000080097dc                _realloc_r
 .text._sbrk_r  0x0000000008009828       0x20 /opt/st/stm32cubeide_1.5.0/plugins/com.st.stm32cube.ide.mcu.externaltools.gnu-tools-for-stm32.7-2018-q2-update.linux64_1.5.0.202011040924/tools/bin/../lib/gcc/arm-none-eabi/7.3.1/../../../../arm-none-eabi/lib/thumb/v7e-m/fpv4-sp/hard/libc_nano.a(lib_a-sbrkr.o)
                0x0000000008009828                _sbrk_r
 .text.__malloc_lock
                0x0000000008009848        0x2 /opt/st/stm32cubeide_1.5.0/plugins/com.st.stm32cube.ide.mcu.externaltools.gnu-tools-for-stm32.7-2018-q2-update.linux64_1.5.0.202011040924/tools/bin/../lib/gcc/arm-none-eabi/7.3.1/../../../../arm-none-eabi/lib/thumb/v7e-m/fpv4-sp/hard/libc_nano.a(lib_a-mlock.o)
                0x0000000008009848                __malloc_lock
 .text.__malloc_unlock
                0x000000000800984a        0x2 /opt/st/stm32cubeide_1.5.0/plugins/com.st.stm32cube.ide.mcu.externaltools.gnu-tools-for-stm32.7-2018-q2-update.linux64_1.5.0.202011040924/tools/bin/../lib/gcc/arm-none-eabi/7.3.1/../../../../arm-none-eabi/lib/thumb/v7e-m/fpv4-sp/hard/libc_nano.a(lib_a-mlock.o)
                0x000000000800984a                __malloc_unlock
 .text._malloc_usable_size_r
                0x000000000800984c       0x10 /opt/st/stm32cubeide_1.5.0/plugins/com.st.stm32cube.ide.mcu.externaltools.gnu-tools-for-stm32.7-2018-q2-update.linux64_1.5.0.202011040924/tools/bin/../lib/gcc/arm-none-eabi/7.3.1/../../../../arm-none-eabi/lib/thumb/v7e-m/fpv4-sp/hard/libc_nano.a(lib_a-nano-msizer.o)
                0x000000000800984c                _malloc_usable_size_r
 *(.glue_7)
 .glue_7        0x000000000800985c        0x0 linker stubs
 *(.glue_7t)
 .glue_7t       0x000000000800985c        0x0 linker stubs
 *(.eh_frame)
 .eh_frame      0x000000000800985c        0x0 /opt/st/stm32cubeide_1.5.0/plugins/com.st.stm32cube.ide.mcu.externaltools.gnu-tools-for-stm32.7-2018-q2-update.linux64_1.5.0.202011040924/tools/bin/../lib/gcc/arm-none-eabi/7.3.1/thumb/v7e-m/fpv4-sp/hard/crtbegin.o
 *(.init)
 .init          0x000000000800985c        0x4 /opt/st/stm32cubeide_1.5.0/plugins/com.st.stm32cube.ide.mcu.externaltools.gnu-tools-for-stm32.7-2018-q2-update.linux64_1.5.0.202011040924/tools/bin/../lib/gcc/arm-none-eabi/7.3.1/thumb/v7e-m/fpv4-sp/hard/crti.o
                0x000000000800985c                _init
 .init          0x0000000008009860        0x8 /opt/st/stm32cubeide_1.5.0/plugins/com.st.stm32cube.ide.mcu.externaltools.gnu-tools-for-stm32.7-2018-q2-update.linux64_1.5.0.202011040924/tools/bin/../lib/gcc/arm-none-eabi/7.3.1/thumb/v7e-m/fpv4-sp/hard/crtn.o
 *(.fini)
 .fini          0x0000000008009868        0x4 /opt/st/stm32cubeide_1.5.0/plugins/com.st.stm32cube.ide.mcu.externaltools.gnu-tools-for-stm32.7-2018-q2-update.linux64_1.5.0.202011040924/tools/bin/../lib/gcc/arm-none-eabi/7.3.1/thumb/v7e-m/fpv4-sp/hard/crti.o
                0x0000000008009868                _fini
 .fini          0x000000000800986c        0x8 /opt/st/stm32cubeide_1.5.0/plugins/com.st.stm32cube.ide.mcu.externaltools.gnu-tools-for-stm32.7-2018-q2-update.linux64_1.5.0.202011040924/tools/bin/../lib/gcc/arm-none-eabi/7.3.1/thumb/v7e-m/fpv4-sp/hard/crtn.o
                0x0000000008009874                . = ALIGN (0x4)
                0x0000000008009874                _etext = .

.vfp11_veneer   0x0000000008009874        0x0
 .vfp11_veneer  0x0000000008009874        0x0 linker stubs

.v4_bx          0x0000000008009874        0x0
 .v4_bx         0x0000000008009874        0x0 linker stubs

.iplt           0x0000000008009874        0x0
 .iplt          0x0000000008009874        0x0 /opt/st/stm32cubeide_1.5.0/plugins/com.st.stm32cube.ide.mcu.externaltools.gnu-tools-for-stm32.7-2018-q2-update.linux64_1.5.0.202011040924/tools/bin/../lib/gcc/arm-none-eabi/7.3.1/thumb/v7e-m/fpv4-sp/hard/crtbegin.o

.rodata         0x0000000008009874      0x154
                0x0000000008009874                . = ALIGN (0x4)
 *(.rodata)
 .rodata        0x0000000008009874        0x5 Middlewares/Third_Party/FreeRTOS/Source/tasks.o
 *fill*         0x0000000008009879        0x3 
 .rodata        0x000000000800987c        0xd Middlewares/Third_Party/FreeRTOS/Source/timers.o
 *fill*         0x0000000008009889        0x3 
 .rodata        0x000000000800988c       0x6f lcdDriver/lcdDriverInterface.o
 *fill*         0x00000000080098fb        0x1 
 .rodata        0x00000000080098fc       0x5e taskManagerInterface/taskManagerInterface.o
 *(.rodata*)
 *fill*         0x000000000800995a        0x2 
 .rodata.AHBPrescTable
                0x000000000800995c       0x10 Core/Src/system_stm32f7xx.o
                0x000000000800995c                AHBPrescTable
 .rodata.APBPrescTable
                0x000000000800996c        0x8 Core/Src/system_stm32f7xx.o
                0x000000000800996c                APBPrescTable
 .rodata.Cursor_Data
                0x0000000008009974       0x20 lcdDriver/lcd_i2cModule.o
 .rodata._svfprintf_r.str1.1
                0x0000000008009994       0x11 /opt/st/stm32cubeide_1.5.0/plugins/com.st.stm32cube.ide.mcu.externaltools.gnu-tools-for-stm32.7-2018-q2-update.linux64_1.5.0.202011040924/tools/bin/../lib/gcc/arm-none-eabi/7.3.1/../../../../arm-none-eabi/lib/thumb/v7e-m/fpv4-sp/hard/libc_nano.a(lib_a-nano-svfprintf.o)
 .rodata._printf_i.str1.1
                0x00000000080099a5       0x22 /opt/st/stm32cubeide_1.5.0/plugins/com.st.stm32cube.ide.mcu.externaltools.gnu-tools-for-stm32.7-2018-q2-update.linux64_1.5.0.202011040924/tools/bin/../lib/gcc/arm-none-eabi/7.3.1/../../../../arm-none-eabi/lib/thumb/v7e-m/fpv4-sp/hard/libc_nano.a(lib_a-nano-vfprintf_i.o)
                0x00000000080099c8                . = ALIGN (0x4)
 *fill*         0x00000000080099c7        0x1 

.ARM.extab      0x00000000080099c8        0x0
                0x00000000080099c8                . = ALIGN (0x4)
 *(.ARM.extab* .gnu.linkonce.armextab.*)
                0x00000000080099c8                . = ALIGN (0x4)

.ARM            0x00000000080099c8        0x8
                0x00000000080099c8                . = ALIGN (0x4)
                0x00000000080099c8                __exidx_start = .
 *(.ARM.exidx*)
 .ARM.exidx     0x00000000080099c8        0x8 /opt/st/stm32cubeide_1.5.0/plugins/com.st.stm32cube.ide.mcu.externaltools.gnu-tools-for-stm32.7-2018-q2-update.linux64_1.5.0.202011040924/tools/bin/../lib/gcc/arm-none-eabi/7.3.1/thumb/v7e-m/fpv4-sp/hard/libgcc.a(_udivmoddi4.o)
                0x00000000080099d0                __exidx_end = .
                0x00000000080099d0                . = ALIGN (0x4)

.rel.dyn        0x00000000080099d0        0x0
 .rel.iplt      0x00000000080099d0        0x0 /opt/st/stm32cubeide_1.5.0/plugins/com.st.stm32cube.ide.mcu.externaltools.gnu-tools-for-stm32.7-2018-q2-update.linux64_1.5.0.202011040924/tools/bin/../lib/gcc/arm-none-eabi/7.3.1/thumb/v7e-m/fpv4-sp/hard/crtbegin.o

.preinit_array  0x00000000080099d0        0x0
                0x00000000080099d0                . = ALIGN (0x4)
                0x00000000080099d0                PROVIDE (__preinit_array_start = .)
 *(.preinit_array*)
                0x00000000080099d0                PROVIDE (__preinit_array_end = .)
                0x00000000080099d0                . = ALIGN (0x4)

.init_array     0x00000000080099d0        0x4
                0x00000000080099d0                . = ALIGN (0x4)
                0x00000000080099d0                PROVIDE (__init_array_start = .)
 *(SORT_BY_NAME(.init_array.*))
 *(.init_array*)
 .init_array    0x00000000080099d0        0x4 /opt/st/stm32cubeide_1.5.0/plugins/com.st.stm32cube.ide.mcu.externaltools.gnu-tools-for-stm32.7-2018-q2-update.linux64_1.5.0.202011040924/tools/bin/../lib/gcc/arm-none-eabi/7.3.1/thumb/v7e-m/fpv4-sp/hard/crtbegin.o
                0x00000000080099d4                PROVIDE (__init_array_end = .)
                0x00000000080099d4                . = ALIGN (0x4)

.fini_array     0x00000000080099d4        0x4
                0x00000000080099d4                . = ALIGN (0x4)
                [!provide]                        PROVIDE (__fini_array_start = .)
 *(SORT_BY_NAME(.fini_array.*))
 *(.fini_array*)
 .fini_array    0x00000000080099d4        0x4 /opt/st/stm32cubeide_1.5.0/plugins/com.st.stm32cube.ide.mcu.externaltools.gnu-tools-for-stm32.7-2018-q2-update.linux64_1.5.0.202011040924/tools/bin/../lib/gcc/arm-none-eabi/7.3.1/thumb/v7e-m/fpv4-sp/hard/crtbegin.o
                [!provide]                        PROVIDE (__fini_array_end = .)
                0x00000000080099d8                . = ALIGN (0x4)
                0x00000000080099d8                _sidata = LOADADDR (.data)

.data           0x0000000020000000       0x78 load address 0x00000000080099d8
                0x0000000020000000                . = ALIGN (0x4)
                0x0000000020000000                _sdata = .
 *(.data)
 *(.data*)
 .data.SystemCoreClock
                0x0000000020000000        0x4 Core/Src/system_stm32f7xx.o
                0x0000000020000000                SystemCoreClock
 .data.uwTickPrio
                0x0000000020000004        0x4 Drivers/STM32F7xx_HAL_Driver/Src/stm32f7xx_hal.o
                0x0000000020000004                uwTickPrio
 .data.uwTickFreq
                0x0000000020000008        0x1 Drivers/STM32F7xx_HAL_Driver/Src/stm32f7xx_hal.o
                0x0000000020000008                uwTickFreq
 *fill*         0x0000000020000009        0x3 
 .data.uxCriticalNesting
                0x000000002000000c        0x4 Middlewares/Third_Party/FreeRTOS/Source/portable/GCC/ARM_CM7/r0p1/port.o
 .data.selectedMDI.8886
                0x0000000020000010        0x1 buttonController/buttonController.o
 .data.i2cDeviceAddr
                0x0000000020000011        0x1 lcdDriver/lcd_i2cModule.o
                0x0000000020000011                i2cDeviceAddr
 .data.Mask_Data
                0x0000000020000012        0x1 lcdDriver/lcd_i2cModule.o
 .data.line_pos
                0x0000000020000013        0x1 lcdDriver/lcd_i2cModule.o
 .data._impure_ptr
                0x0000000020000014        0x4 /opt/st/stm32cubeide_1.5.0/plugins/com.st.stm32cube.ide.mcu.externaltools.gnu-tools-for-stm32.7-2018-q2-update.linux64_1.5.0.202011040924/tools/bin/../lib/gcc/arm-none-eabi/7.3.1/../../../../arm-none-eabi/lib/thumb/v7e-m/fpv4-sp/hard/libc_nano.a(lib_a-impure.o)
                0x0000000020000014                _impure_ptr
 .data.impure_data
                0x0000000020000018       0x60 /opt/st/stm32cubeide_1.5.0/plugins/com.st.stm32cube.ide.mcu.externaltools.gnu-tools-for-stm32.7-2018-q2-update.linux64_1.5.0.202011040924/tools/bin/../lib/gcc/arm-none-eabi/7.3.1/../../../../arm-none-eabi/lib/thumb/v7e-m/fpv4-sp/hard/libc_nano.a(lib_a-impure.o)
 *(.RamFunc)
 *(.RamFunc*)
                0x0000000020000078                . = ALIGN (0x4)
                0x0000000020000078                _edata = .

.igot.plt       0x0000000020000078        0x0 load address 0x0000000008009a50
 .igot.plt      0x0000000020000078        0x0 /opt/st/stm32cubeide_1.5.0/plugins/com.st.stm32cube.ide.mcu.externaltools.gnu-tools-for-stm32.7-2018-q2-update.linux64_1.5.0.202011040924/tools/bin/../lib/gcc/arm-none-eabi/7.3.1/thumb/v7e-m/fpv4-sp/hard/crtbegin.o
                0x0000000020000078                . = ALIGN (0x4)

.bss            0x0000000020000078     0x4c98 load address 0x0000000008009a50
                0x0000000020000078                _sbss = .
                0x0000000020000078                __bss_start__ = _sbss
 *(.bss)
 .bss           0x0000000020000078       0x1c /opt/st/stm32cubeide_1.5.0/plugins/com.st.stm32cube.ide.mcu.externaltools.gnu-tools-for-stm32.7-2018-q2-update.linux64_1.5.0.202011040924/tools/bin/../lib/gcc/arm-none-eabi/7.3.1/thumb/v7e-m/fpv4-sp/hard/crtbegin.o
 *(.bss*)
 .bss.__sbrk_heap_end
                0x0000000020000094        0x4 Core/Src/sysmem.o
 .bss.Idle_TCB  0x0000000020000098       0x5c Middlewares/Third_Party/FreeRTOS/Source/CMSIS_RTOS_V2/cmsis_os2.o
 .bss.Idle_Stack
                0x00000000200000f4      0x200 Middlewares/Third_Party/FreeRTOS/Source/CMSIS_RTOS_V2/cmsis_os2.o
 .bss.Timer_TCB
                0x00000000200002f4       0x5c Middlewares/Third_Party/FreeRTOS/Source/CMSIS_RTOS_V2/cmsis_os2.o
 .bss.Timer_Stack
                0x0000000020000350      0x400 Middlewares/Third_Party/FreeRTOS/Source/CMSIS_RTOS_V2/cmsis_os2.o
 .bss.pxCurrentTCB
                0x0000000020000750        0x4 Middlewares/Third_Party/FreeRTOS/Source/tasks.o
                0x0000000020000750                pxCurrentTCB
 .bss.pxReadyTasksLists
                0x0000000020000754      0x460 Middlewares/Third_Party/FreeRTOS/Source/tasks.o
 .bss.xDelayedTaskList1
                0x0000000020000bb4       0x14 Middlewares/Third_Party/FreeRTOS/Source/tasks.o
 .bss.xDelayedTaskList2
                0x0000000020000bc8       0x14 Middlewares/Third_Party/FreeRTOS/Source/tasks.o
 .bss.pxDelayedTaskList
                0x0000000020000bdc        0x4 Middlewares/Third_Party/FreeRTOS/Source/tasks.o
 .bss.pxOverflowDelayedTaskList
                0x0000000020000be0        0x4 Middlewares/Third_Party/FreeRTOS/Source/tasks.o
 .bss.xPendingReadyList
                0x0000000020000be4       0x14 Middlewares/Third_Party/FreeRTOS/Source/tasks.o
 .bss.xTasksWaitingTermination
                0x0000000020000bf8       0x14 Middlewares/Third_Party/FreeRTOS/Source/tasks.o
 .bss.uxDeletedTasksWaitingCleanUp
                0x0000000020000c0c        0x4 Middlewares/Third_Party/FreeRTOS/Source/tasks.o
 .bss.xSuspendedTaskList
                0x0000000020000c10       0x14 Middlewares/Third_Party/FreeRTOS/Source/tasks.o
 .bss.uxCurrentNumberOfTasks
                0x0000000020000c24        0x4 Middlewares/Third_Party/FreeRTOS/Source/tasks.o
 .bss.xTickCount
                0x0000000020000c28        0x4 Middlewares/Third_Party/FreeRTOS/Source/tasks.o
 .bss.uxTopReadyPriority
                0x0000000020000c2c        0x4 Middlewares/Third_Party/FreeRTOS/Source/tasks.o
 .bss.xSchedulerRunning
                0x0000000020000c30        0x4 Middlewares/Third_Party/FreeRTOS/Source/tasks.o
 .bss.uxPendedTicks
                0x0000000020000c34        0x4 Middlewares/Third_Party/FreeRTOS/Source/tasks.o
 .bss.xYieldPending
                0x0000000020000c38        0x4 Middlewares/Third_Party/FreeRTOS/Source/tasks.o
 .bss.xNumOfOverflows
                0x0000000020000c3c        0x4 Middlewares/Third_Party/FreeRTOS/Source/tasks.o
 .bss.uxTaskNumber
                0x0000000020000c40        0x4 Middlewares/Third_Party/FreeRTOS/Source/tasks.o
 .bss.xNextTaskUnblockTime
                0x0000000020000c44        0x4 Middlewares/Third_Party/FreeRTOS/Source/tasks.o
 .bss.xIdleTaskHandle
                0x0000000020000c48        0x4 Middlewares/Third_Party/FreeRTOS/Source/tasks.o
 .bss.uxSchedulerSuspended
                0x0000000020000c4c        0x4 Middlewares/Third_Party/FreeRTOS/Source/tasks.o
 .bss.xActiveTimerList1
                0x0000000020000c50       0x14 Middlewares/Third_Party/FreeRTOS/Source/timers.o
 .bss.xActiveTimerList2
                0x0000000020000c64       0x14 Middlewares/Third_Party/FreeRTOS/Source/timers.o
 .bss.pxCurrentTimerList
                0x0000000020000c78        0x4 Middlewares/Third_Party/FreeRTOS/Source/timers.o
 .bss.pxOverflowTimerList
                0x0000000020000c7c        0x4 Middlewares/Third_Party/FreeRTOS/Source/timers.o
 .bss.xTimerQueue
                0x0000000020000c80        0x4 Middlewares/Third_Party/FreeRTOS/Source/timers.o
 .bss.xTimerTaskHandle
                0x0000000020000c84        0x4 Middlewares/Third_Party/FreeRTOS/Source/timers.o
 .bss.xLastTime.6741
                0x0000000020000c88        0x4 Middlewares/Third_Party/FreeRTOS/Source/timers.o
 .bss.ucStaticTimerQueueStorage.6792
                0x0000000020000c8c       0xa0 Middlewares/Third_Party/FreeRTOS/Source/timers.o
 .bss.xStaticTimerQueue.6791
                0x0000000020000d2c       0x50 Middlewares/Third_Party/FreeRTOS/Source/timers.o
 .bss.ucMaxSysCallPriority
                0x0000000020000d7c        0x1 Middlewares/Third_Party/FreeRTOS/Source/portable/GCC/ARM_CM7/r0p1/port.o
 *fill*         0x0000000020000d7d        0x3 
 .bss.ulMaxPRIGROUPValue
                0x0000000020000d80        0x4 Middlewares/Third_Party/FreeRTOS/Source/portable/GCC/ARM_CM7/r0p1/port.o
 .bss.ucHeap    0x0000000020000d84     0x3c00 Middlewares/Third_Party/FreeRTOS/Source/portable/MemMang/heap_4.o
 .bss.xStart    0x0000000020004984        0x8 Middlewares/Third_Party/FreeRTOS/Source/portable/MemMang/heap_4.o
 .bss.pxEnd     0x000000002000498c        0x4 Middlewares/Third_Party/FreeRTOS/Source/portable/MemMang/heap_4.o
 .bss.xFreeBytesRemaining
                0x0000000020004990        0x4 Middlewares/Third_Party/FreeRTOS/Source/portable/MemMang/heap_4.o
 .bss.xMinimumEverFreeBytesRemaining
                0x0000000020004994        0x4 Middlewares/Third_Party/FreeRTOS/Source/portable/MemMang/heap_4.o
 .bss.xBlockAllocatedBit
                0x0000000020004998        0x4 Middlewares/Third_Party/FreeRTOS/Source/portable/MemMang/heap_4.o
 .bss.selectbtncounter
                0x000000002000499c        0x2 buttonController/buttonController.o
 .bss.plusbtncounter
                0x000000002000499e        0x2 buttonController/buttonController.o
 .bss.minusbtncounter
                0x00000000200049a0        0x2 buttonController/buttonController.o
 .bss.selectedLcd
                0x00000000200049a2        0x1 buttonController/buttonController.o
                0x00000000200049a2                selectedLcd
 .bss.selectedLcdItem
                0x00000000200049a3        0x1 buttonController/buttonController.o
                0x00000000200049a3                selectedLcdItem
 .bss.selectBtnListenner.8887
                0x00000000200049a4        0x1 buttonController/buttonController.o
 *fill*         0x00000000200049a5        0x3 
 .bss.item.8890
                0x00000000200049a8        0x4 buttonController/buttonController.o
 .bss.plusBtnListenner.8888
                0x00000000200049ac        0x1 buttonController/buttonController.o
 .bss.minusBtnListenner.8889
                0x00000000200049ad        0x1 buttonController/buttonController.o
 .bss.statuVal.8944
                0x00000000200049ae        0x1 lcdDriver/lcdDriverInterface.o
 .bss.itemVal.8943
                0x00000000200049af        0x1 lcdDriver/lcdDriverInterface.o
 .bss.temp.8942
                0x00000000200049b0        0x6 lcdDriver/lcdDriverInterface.o
 *fill*         0x00000000200049b6        0x2 
 .bss.data      0x00000000200049b8        0x4 lcdDriver/lcd_i2cModule.o
 .bss.data_M    0x00000000200049bc        0x1 lcdDriver/lcd_i2cModule.o
 .bss.data_L    0x00000000200049bd        0x1 lcdDriver/lcd_i2cModule.o
 .bss.data_BL   0x00000000200049be        0x1 lcdDriver/lcd_i2cModule.o
 .bss.str_len   0x00000000200049bf        0x1 lcdDriver/lcd_i2cModule.o
 .bss.uart1SemphrHandle
                0x00000000200049c0        0x4 taskManagerInterface/taskManagerInterface.o
                0x00000000200049c0                uart1SemphrHandle
 .bss.uart2SemphrHandle
                0x00000000200049c4        0x4 taskManagerInterface/taskManagerInterface.o
                0x00000000200049c4                uart2SemphrHandle
 .bss.__malloc_free_list
                0x00000000200049c8        0x4 /opt/st/stm32cubeide_1.5.0/plugins/com.st.stm32cube.ide.mcu.externaltools.gnu-tools-for-stm32.7-2018-q2-update.linux64_1.5.0.202011040924/tools/bin/../lib/gcc/arm-none-eabi/7.3.1/../../../../arm-none-eabi/lib/thumb/v7e-m/fpv4-sp/hard/libc_nano.a(lib_a-nano-mallocr.o)
                0x00000000200049c8                __malloc_free_list
 .bss.__malloc_sbrk_start
                0x00000000200049cc        0x4 /opt/st/stm32cubeide_1.5.0/plugins/com.st.stm32cube.ide.mcu.externaltools.gnu-tools-for-stm32.7-2018-q2-update.linux64_1.5.0.202011040924/tools/bin/../lib/gcc/arm-none-eabi/7.3.1/../../../../arm-none-eabi/lib/thumb/v7e-m/fpv4-sp/hard/libc_nano.a(lib_a-nano-mallocr.o)
                0x00000000200049cc                __malloc_sbrk_start
 *(COMMON)
 COMMON         0x00000000200049d0      0x21c Core/Src/main.o
                0x00000000200049d0                huart7
                0x0000000020004a50                hi2c1
                0x0000000020004a9c                hadc1
                0x0000000020004ae4                hadc3
                0x0000000020004b2c                huart6
                0x0000000020004bac                htim2
 COMMON         0x0000000020004bec       0x40 Core/Src/stm32f7xx_hal_timebase_tim.o
                0x0000000020004bec                htim1
 COMMON         0x0000000020004c2c        0x4 Drivers/STM32F7xx_HAL_Driver/Src/stm32f7xx_hal.o
                0x0000000020004c2c                uwTick
 COMMON         0x0000000020004c30       0x40 Middlewares/Third_Party/FreeRTOS/Source/queue.o
                0x0000000020004c30                xQueueRegistry
 COMMON         0x0000000020004c70        0x4 analogValuesController/analogValuesController.o
                0x0000000020004c70                analogValue2
                0x0000000020004c72                analogValue1
 COMMON         0x0000000020004c74        0xe buttonController/buttonController.o
                0x0000000020004c74                drv1
                0x0000000020004c7c                drv2
 *fill*         0x0000000020004c82        0x2 
 COMMON         0x0000000020004c84       0x14 lcdDriver/lcdDriverInterface.o
                0x0000000020004c84                lcdBuff
 COMMON         0x0000000020004c98       0x4c lcdDriver/lcd_i2cModule.o
                0x0000000020004c98                hi2cx
 COMMON         0x0000000020004ce4       0x27 motorDriverInterface/motorDriverInterface.o
                0x0000000020004ce4                driver2
                0x0000000020004cec                driver1
                0x0000000020004cf4                rec2Buff
                0x0000000020004cfe                getFirstData1
                0x0000000020004d00                rec1Buff
                0x0000000020004d0a                getFirstData2
 *fill*         0x0000000020004d0b        0x1 
 COMMON         0x0000000020004d0c        0x4 /opt/st/stm32cubeide_1.5.0/plugins/com.st.stm32cube.ide.mcu.externaltools.gnu-tools-for-stm32.7-2018-q2-update.linux64_1.5.0.202011040924/tools/bin/../lib/gcc/arm-none-eabi/7.3.1/../../../../arm-none-eabi/lib/thumb/v7e-m/fpv4-sp/hard/libc_nano.a(lib_a-reent.o)
                0x0000000020004d0c                errno
                0x0000000020004d10                . = ALIGN (0x4)
                0x0000000020004d10                _ebss = .
                0x0000000020004d10                __bss_end__ = _ebss

._user_heap_stack
                0x0000000020004d10      0x600 load address 0x0000000008009a50
                0x0000000020004d10                . = ALIGN (0x8)
                [!provide]                        PROVIDE (end = .)
                0x0000000020004d10                PROVIDE (_end = .)
                0x0000000020004f10                . = (. + _Min_Heap_Size)
 *fill*         0x0000000020004d10      0x200 
                0x0000000020005310                . = (. + _Min_Stack_Size)
 *fill*         0x0000000020004f10      0x400 
                0x0000000020005310                . = ALIGN (0x8)

/DISCARD/
 libc.a(*)
 libm.a(*)
 libgcc.a(*)

.ARM.attributes
                0x0000000000000000       0x30
 *(.ARM.attributes)
 .ARM.attributes
                0x0000000000000000       0x22 /opt/st/stm32cubeide_1.5.0/plugins/com.st.stm32cube.ide.mcu.externaltools.gnu-tools-for-stm32.7-2018-q2-update.linux64_1.5.0.202011040924/tools/bin/../lib/gcc/arm-none-eabi/7.3.1/thumb/v7e-m/fpv4-sp/hard/crti.o
 .ARM.attributes
                0x0000000000000022       0x34 /opt/st/stm32cubeide_1.5.0/plugins/com.st.stm32cube.ide.mcu.externaltools.gnu-tools-for-stm32.7-2018-q2-update.linux64_1.5.0.202011040924/tools/bin/../lib/gcc/arm-none-eabi/7.3.1/thumb/v7e-m/fpv4-sp/hard/crtbegin.o
 .ARM.attributes
                0x0000000000000056       0x39 Core/Src/main.o
 .ARM.attributes
                0x000000000000008f       0x39 Core/Src/stm32f7xx_hal_msp.o
 .ARM.attributes
                0x00000000000000c8       0x39 Core/Src/stm32f7xx_hal_timebase_tim.o
 .ARM.attributes
                0x0000000000000101       0x39 Core/Src/stm32f7xx_it.o
 .ARM.attributes
                0x000000000000013a       0x39 Core/Src/sysmem.o
 .ARM.attributes
                0x0000000000000173       0x39 Core/Src/system_stm32f7xx.o
 .ARM.attributes
                0x00000000000001ac       0x21 Core/Startup/startup_stm32f746nghx.o
 .ARM.attributes
                0x00000000000001cd       0x39 Drivers/STM32F7xx_HAL_Driver/Src/stm32f7xx_hal.o
 .ARM.attributes
                0x0000000000000206       0x39 Drivers/STM32F7xx_HAL_Driver/Src/stm32f7xx_hal_adc.o
 .ARM.attributes
                0x000000000000023f       0x39 Drivers/STM32F7xx_HAL_Driver/Src/stm32f7xx_hal_cortex.o
 .ARM.attributes
                0x0000000000000278       0x39 Drivers/STM32F7xx_HAL_Driver/Src/stm32f7xx_hal_dma.o
 .ARM.attributes
                0x00000000000002b1       0x39 Drivers/STM32F7xx_HAL_Driver/Src/stm32f7xx_hal_gpio.o
 .ARM.attributes
                0x00000000000002ea       0x39 Drivers/STM32F7xx_HAL_Driver/Src/stm32f7xx_hal_i2c.o
 .ARM.attributes
                0x0000000000000323       0x39 Drivers/STM32F7xx_HAL_Driver/Src/stm32f7xx_hal_i2c_ex.o
 .ARM.attributes
                0x000000000000035c       0x39 Drivers/STM32F7xx_HAL_Driver/Src/stm32f7xx_hal_pwr_ex.o
 .ARM.attributes
                0x0000000000000395       0x39 Drivers/STM32F7xx_HAL_Driver/Src/stm32f7xx_hal_rcc.o
 .ARM.attributes
                0x00000000000003ce       0x39 Drivers/STM32F7xx_HAL_Driver/Src/stm32f7xx_hal_rcc_ex.o
 .ARM.attributes
                0x0000000000000407       0x39 Drivers/STM32F7xx_HAL_Driver/Src/stm32f7xx_hal_tim.o
 .ARM.attributes
                0x0000000000000440       0x39 Drivers/STM32F7xx_HAL_Driver/Src/stm32f7xx_hal_tim_ex.o
 .ARM.attributes
                0x0000000000000479       0x39 Drivers/STM32F7xx_HAL_Driver/Src/stm32f7xx_hal_uart.o
 .ARM.attributes
                0x00000000000004b2       0x39 Middlewares/Third_Party/FreeRTOS/Source/CMSIS_RTOS_V2/cmsis_os2.o
 .ARM.attributes
                0x00000000000004eb       0x39 Middlewares/Third_Party/FreeRTOS/Source/list.o
 .ARM.attributes
                0x0000000000000524       0x39 Middlewares/Third_Party/FreeRTOS/Source/queue.o
 .ARM.attributes
                0x000000000000055d       0x39 Middlewares/Third_Party/FreeRTOS/Source/tasks.o
 .ARM.attributes
                0x0000000000000596       0x39 Middlewares/Third_Party/FreeRTOS/Source/timers.o
 .ARM.attributes
                0x00000000000005cf       0x39 Middlewares/Third_Party/FreeRTOS/Source/portable/GCC/ARM_CM7/r0p1/port.o
 .ARM.attributes
                0x0000000000000608       0x39 Middlewares/Third_Party/FreeRTOS/Source/portable/MemMang/heap_4.o
 .ARM.attributes
                0x0000000000000641       0x39 analogValuesController/analogValuesController.o
 .ARM.attributes
                0x000000000000067a       0x39 buttonController/buttonController.o
 .ARM.attributes
                0x00000000000006b3       0x39 lcdDriver/lcdDriverInterface.o
 .ARM.attributes
                0x00000000000006ec       0x39 lcdDriver/lcd_i2cModule.o
 .ARM.attributes
                0x0000000000000725       0x39 motorDriverInterface/motorDriverInterface.o
 .ARM.attributes
                0x000000000000075e       0x39 taskManagerInterface/taskManagerInterface.o
 .ARM.attributes
                0x0000000000000797       0x34 /opt/st/stm32cubeide_1.5.0/plugins/com.st.stm32cube.ide.mcu.externaltools.gnu-tools-for-stm32.7-2018-q2-update.linux64_1.5.0.202011040924/tools/bin/../lib/gcc/arm-none-eabi/7.3.1/../../../../arm-none-eabi/lib/thumb/v7e-m/fpv4-sp/hard/libc_nano.a(lib_a-errno.o)
 .ARM.attributes
                0x00000000000007cb       0x34 /opt/st/stm32cubeide_1.5.0/plugins/com.st.stm32cube.ide.mcu.externaltools.gnu-tools-for-stm32.7-2018-q2-update.linux64_1.5.0.202011040924/tools/bin/../lib/gcc/arm-none-eabi/7.3.1/../../../../arm-none-eabi/lib/thumb/v7e-m/fpv4-sp/hard/libc_nano.a(lib_a-impure.o)
 .ARM.attributes
                0x00000000000007ff       0x34 /opt/st/stm32cubeide_1.5.0/plugins/com.st.stm32cube.ide.mcu.externaltools.gnu-tools-for-stm32.7-2018-q2-update.linux64_1.5.0.202011040924/tools/bin/../lib/gcc/arm-none-eabi/7.3.1/../../../../arm-none-eabi/lib/thumb/v7e-m/fpv4-sp/hard/libc_nano.a(lib_a-init.o)
 .ARM.attributes
                0x0000000000000833       0x34 /opt/st/stm32cubeide_1.5.0/plugins/com.st.stm32cube.ide.mcu.externaltools.gnu-tools-for-stm32.7-2018-q2-update.linux64_1.5.0.202011040924/tools/bin/../lib/gcc/arm-none-eabi/7.3.1/../../../../arm-none-eabi/lib/thumb/v7e-m/fpv4-sp/hard/libc_nano.a(lib_a-memcpy-stub.o)
 .ARM.attributes
                0x0000000000000867       0x34 /opt/st/stm32cubeide_1.5.0/plugins/com.st.stm32cube.ide.mcu.externaltools.gnu-tools-for-stm32.7-2018-q2-update.linux64_1.5.0.202011040924/tools/bin/../lib/gcc/arm-none-eabi/7.3.1/../../../../arm-none-eabi/lib/thumb/v7e-m/fpv4-sp/hard/libc_nano.a(lib_a-memset.o)
 .ARM.attributes
                0x000000000000089b       0x34 /opt/st/stm32cubeide_1.5.0/plugins/com.st.stm32cube.ide.mcu.externaltools.gnu-tools-for-stm32.7-2018-q2-update.linux64_1.5.0.202011040924/tools/bin/../lib/gcc/arm-none-eabi/7.3.1/../../../../arm-none-eabi/lib/thumb/v7e-m/fpv4-sp/hard/libc_nano.a(lib_a-sprintf.o)
 .ARM.attributes
                0x00000000000008cf       0x1b /opt/st/stm32cubeide_1.5.0/plugins/com.st.stm32cube.ide.mcu.externaltools.gnu-tools-for-stm32.7-2018-q2-update.linux64_1.5.0.202011040924/tools/bin/../lib/gcc/arm-none-eabi/7.3.1/../../../../arm-none-eabi/lib/thumb/v7e-m/fpv4-sp/hard/libc_nano.a(lib_a-strlen.o)
 .ARM.attributes
                0x00000000000008ea       0x34 /opt/st/stm32cubeide_1.5.0/plugins/com.st.stm32cube.ide.mcu.externaltools.gnu-tools-for-stm32.7-2018-q2-update.linux64_1.5.0.202011040924/tools/bin/../lib/gcc/arm-none-eabi/7.3.1/../../../../arm-none-eabi/lib/thumb/v7e-m/fpv4-sp/hard/libc_nano.a(lib_a-nano-svfprintf.o)
 .ARM.attributes
                0x000000000000091e       0x34 /opt/st/stm32cubeide_1.5.0/plugins/com.st.stm32cube.ide.mcu.externaltools.gnu-tools-for-stm32.7-2018-q2-update.linux64_1.5.0.202011040924/tools/bin/../lib/gcc/arm-none-eabi/7.3.1/../../../../arm-none-eabi/lib/thumb/v7e-m/fpv4-sp/hard/libc_nano.a(lib_a-nano-vfprintf_i.o)
 .ARM.attributes
                0x0000000000000952       0x20 /opt/st/stm32cubeide_1.5.0/plugins/com.st.stm32cube.ide.mcu.externaltools.gnu-tools-for-stm32.7-2018-q2-update.linux64_1.5.0.202011040924/tools/bin/../lib/gcc/arm-none-eabi/7.3.1/../../../../arm-none-eabi/lib/thumb/v7e-m/fpv4-sp/hard/libc_nano.a(lib_a-memchr.o)
 .ARM.attributes
                0x0000000000000972       0x34 /opt/st/stm32cubeide_1.5.0/plugins/com.st.stm32cube.ide.mcu.externaltools.gnu-tools-for-stm32.7-2018-q2-update.linux64_1.5.0.202011040924/tools/bin/../lib/gcc/arm-none-eabi/7.3.1/../../../../arm-none-eabi/lib/thumb/v7e-m/fpv4-sp/hard/libc_nano.a(lib_a-memmove.o)
 .ARM.attributes
                0x00000000000009a6       0x34 /opt/st/stm32cubeide_1.5.0/plugins/com.st.stm32cube.ide.mcu.externaltools.gnu-tools-for-stm32.7-2018-q2-update.linux64_1.5.0.202011040924/tools/bin/../lib/gcc/arm-none-eabi/7.3.1/../../../../arm-none-eabi/lib/thumb/v7e-m/fpv4-sp/hard/libc_nano.a(lib_a-nano-freer.o)
 .ARM.attributes
                0x00000000000009da       0x34 /opt/st/stm32cubeide_1.5.0/plugins/com.st.stm32cube.ide.mcu.externaltools.gnu-tools-for-stm32.7-2018-q2-update.linux64_1.5.0.202011040924/tools/bin/../lib/gcc/arm-none-eabi/7.3.1/../../../../arm-none-eabi/lib/thumb/v7e-m/fpv4-sp/hard/libc_nano.a(lib_a-nano-mallocr.o)
 .ARM.attributes
                0x0000000000000a0e       0x34 /opt/st/stm32cubeide_1.5.0/plugins/com.st.stm32cube.ide.mcu.externaltools.gnu-tools-for-stm32.7-2018-q2-update.linux64_1.5.0.202011040924/tools/bin/../lib/gcc/arm-none-eabi/7.3.1/../../../../arm-none-eabi/lib/thumb/v7e-m/fpv4-sp/hard/libc_nano.a(lib_a-nano-reallocr.o)
 .ARM.attributes
                0x0000000000000a42       0x34 /opt/st/stm32cubeide_1.5.0/plugins/com.st.stm32cube.ide.mcu.externaltools.gnu-tools-for-stm32.7-2018-q2-update.linux64_1.5.0.202011040924/tools/bin/../lib/gcc/arm-none-eabi/7.3.1/../../../../arm-none-eabi/lib/thumb/v7e-m/fpv4-sp/hard/libc_nano.a(lib_a-sbrkr.o)
 .ARM.attributes
                0x0000000000000a76       0x34 /opt/st/stm32cubeide_1.5.0/plugins/com.st.stm32cube.ide.mcu.externaltools.gnu-tools-for-stm32.7-2018-q2-update.linux64_1.5.0.202011040924/tools/bin/../lib/gcc/arm-none-eabi/7.3.1/../../../../arm-none-eabi/lib/thumb/v7e-m/fpv4-sp/hard/libc_nano.a(lib_a-mlock.o)
 .ARM.attributes
                0x0000000000000aaa       0x34 /opt/st/stm32cubeide_1.5.0/plugins/com.st.stm32cube.ide.mcu.externaltools.gnu-tools-for-stm32.7-2018-q2-update.linux64_1.5.0.202011040924/tools/bin/../lib/gcc/arm-none-eabi/7.3.1/../../../../arm-none-eabi/lib/thumb/v7e-m/fpv4-sp/hard/libc_nano.a(lib_a-nano-msizer.o)
 .ARM.attributes
                0x0000000000000ade       0x34 /opt/st/stm32cubeide_1.5.0/plugins/com.st.stm32cube.ide.mcu.externaltools.gnu-tools-for-stm32.7-2018-q2-update.linux64_1.5.0.202011040924/tools/bin/../lib/gcc/arm-none-eabi/7.3.1/../../../../arm-none-eabi/lib/thumb/v7e-m/fpv4-sp/hard/libc_nano.a(lib_a-reent.o)
 .ARM.attributes
                0x0000000000000b12       0x22 /opt/st/stm32cubeide_1.5.0/plugins/com.st.stm32cube.ide.mcu.externaltools.gnu-tools-for-stm32.7-2018-q2-update.linux64_1.5.0.202011040924/tools/bin/../lib/gcc/arm-none-eabi/7.3.1/thumb/v7e-m/fpv4-sp/hard/libgcc.a(_aeabi_uldivmod.o)
 .ARM.attributes
                0x0000000000000b34       0x34 /opt/st/stm32cubeide_1.5.0/plugins/com.st.stm32cube.ide.mcu.externaltools.gnu-tools-for-stm32.7-2018-q2-update.linux64_1.5.0.202011040924/tools/bin/../lib/gcc/arm-none-eabi/7.3.1/thumb/v7e-m/fpv4-sp/hard/libgcc.a(_udivmoddi4.o)
 .ARM.attributes
                0x0000000000000b68       0x22 /opt/st/stm32cubeide_1.5.0/plugins/com.st.stm32cube.ide.mcu.externaltools.gnu-tools-for-stm32.7-2018-q2-update.linux64_1.5.0.202011040924/tools/bin/../lib/gcc/arm-none-eabi/7.3.1/thumb/v7e-m/fpv4-sp/hard/libgcc.a(_dvmd_tls.o)
 .ARM.attributes