main.c:140:5:main	8	static
main.c:242:6:SystemClock_Config	216	static
main.c:302:13:MX_ADC1_Init	24	static
main.c:352:13:MX_ADC3_Init	24	static
main.c:402:13:MX_I2C1_Init	8	static
main.c:448:13:MX_TIM2_Init	40	static
main.c:493:13:MX_UART7_Init	8	static
main.c:528:13:MX_USART6_UART_Init	8	static
main.c:563:13:MX_GPIO_Init	56	static
main.c:600:6:sendUart1Task	16	static
main.c:619:6:sendUart2Task	16	static
main.c:638:6:getUart1Task	16	static
main.c:659:6:getUart2Task	16	static
main.c:680:6:readADCvalTask	32	static
main.c:705:6:btnControlsTask	16	static
main.c:724:6:lcdControllerTask	16	static
main.c:747:6:HAL_TIM_PeriodElapsedCallback	16	static
main.c:764:6:Error_Handler	4	static,ignoring_inline_asm
