buttonController.c:17:6:buttonCounterIncrease	8	static
buttonController.c:28:9:selectButton_Listenner_For_MenuControl	8	static
buttonController.c:42:9:plusButton_Listenner_For_MenuControl	8	static
buttonController.c:57:9:minusButton_Listenner_For_MenuControl	8	static
buttonController.c:69:6:btnParameterInit	8	static
buttonController.c:86:6:setDriver1AngleValue	16	static
buttonController.c:93:6:setDriver2AngleValue	16	static
buttonController.c:100:6:buttonController	8	static
buttonController.c:162:6:transmissionDriver1	24	static
buttonController.c:165:6:transmissionDriver2	24	static
buttonController.c:168:14:getDriver1TransmitVal	16	static
buttonController.c:171:14:getDriver2TransmitVal	16	static
buttonController.c:174:9:getSelectedLcdVal	4	static
buttonController.c:175:9:getSelectedLcdItemVal	4	static
